BL51 BANKED LINKER/LOCATER V6.22                                                        10/11/2024  17:50:16  PAGE 1


BL51 BANKED LINKER/LOCATER V6.22, INVOKED BY:
C:\KEIL _C51\C51\BIN\BL51.EXE ..\hex\MAIN.obj, ..\hex\pwm.obj, ..\hex\timer.obj, ..\hex\UART.obj, ..\hex\24cxx.obj, ..\h
>> ex\adc.obj, ..\hex\main_interface.obj, ..\hex\XS_waiting.obj, ..\hex\XS_advanced_settings.obj, ..\hex\XS_sw_work.obj,
>>  ..\hex\XS_guide.obj, ..\hex\XS_loading.obj, ..\hex\XS_setting_power.obj, ..\hex\XS_probe_mode.obj, ..\hex\XS_basic_s
>> ettings.obj, ..\hex\init.obj, ..\hex\ads7843.obj, ..\hex\display.obj, ..\hex\eeprom_data.obj, ..\hex\other.obj, ..\he
>> x\key.obj, ..\hex\dis_sw_work.obj, ..\hex\cut_sw_work.obj, ..\hex\count_sw_work.obj TO ..\hex\1 PRINT (.\LIST\1.m51) 
>> RAMSIZE (256)


MEMORY MODEL: LARGE WITH FLOATING POINT ARITHMETIC


INPUT MODULES INCLUDED:
  ..\hex\MAIN.obj (MAIN)
  ..\hex\pwm.obj (PWM)
  ..\hex\timer.obj (TIMER)
  ..\hex\UART.obj (UART)
  ..\hex\24cxx.obj (24CXX)
  ..\hex\adc.obj (ADC)
  ..\hex\main_interface.obj (MAIN_INTERFACE)
  ..\hex\XS_waiting.obj (XS_WAITING)
  ..\hex\XS_advanced_settings.obj (XS_ADVANCED_SETTINGS)
  ..\hex\XS_sw_work.obj (XS_SW_WORK)
  ..\hex\XS_guide.obj (XS_GUIDE)
  ..\hex\XS_loading.obj (XS_LOADING)
  ..\hex\XS_setting_power.obj (XS_SETTING_POWER)
  ..\hex\XS_probe_mode.obj (XS_PROBE_MODE)
  ..\hex\XS_basic_settings.obj (XS_BASIC_SETTINGS)
  ..\hex\init.obj (INIT)
  ..\hex\ads7843.obj (ADS7843)
  ..\hex\display.obj (DISPLAY)
  ..\hex\eeprom_data.obj (EEPROM_DATA)
  ..\hex\other.obj (OTHER)
  ..\hex\key.obj (KEY)
  ..\hex\dis_sw_work.obj (DIS_SW_WORK)
  ..\hex\cut_sw_work.obj (CUT_SW_WORK)
  ..\hex\count_sw_work.obj (COUNT_SW_WORK)
  C:\KEIL _C51\C51\LIB\C51FPL.LIB (?C?FPADD)
  C:\KEIL _C51\C51\LIB\C51FPL.LIB (?C?FPMUL)
  C:\KEIL _C51\C51\LIB\C51FPL.LIB (?C?FPDIV)
  C:\KEIL _C51\C51\LIB\C51FPL.LIB (?C?FPCMP)
  C:\KEIL _C51\C51\LIB\C51FPL.LIB (?C?FCAST)
  C:\KEIL _C51\C51\LIB\C51FPL.LIB (?C?CASTF)
  C:\KEIL _C51\C51\LIB\C51FPL.LIB (?C?FPGETOPN)
  C:\KEIL _C51\C51\LIB\C51L.LIB (?C_STARTUP)
  C:\KEIL _C51\C51\LIB\C51L.LIB (?C?CLDPTR)
  C:\KEIL _C51\C51\LIB\C51L.LIB (?C?CLDOPTR)
  C:\KEIL _C51\C51\LIB\C51L.LIB (?C?CSTPTR)
  C:\KEIL _C51\C51\LIB\C51L.LIB (?C?CSTOPTR)
  C:\KEIL _C51\C51\LIB\C51L.LIB (?C?IMUL)
  C:\KEIL _C51\C51\LIB\C51L.LIB (?C?UIDIV)
  C:\KEIL _C51\C51\LIB\C51L.LIB (?C?IILDX)
  C:\KEIL _C51\C51\LIB\C51L.LIB (?C?ILDOPTR)
  C:\KEIL _C51\C51\LIB\C51L.LIB (?C?LMUL)
  C:\KEIL _C51\C51\LIB\C51L.LIB (?C?ULDIV)
  C:\KEIL _C51\C51\LIB\C51L.LIB (?C?LNEG)
  C:\KEIL _C51\C51\LIB\C51L.LIB (?C?ULCMP)
  C:\KEIL _C51\C51\LIB\C51L.LIB (?C?LSHL)
BL51 BANKED LINKER/LOCATER V6.22                                                      10/11/2024  17:50:16  PAGE 2


  C:\KEIL _C51\C51\LIB\C51L.LIB (?C?LLDCODE)
  C:\KEIL _C51\C51\LIB\C51L.LIB (?C?LLDCODE0)
  C:\KEIL _C51\C51\LIB\C51L.LIB (?C?LSTXDATA)
  C:\KEIL _C51\C51\LIB\C51L.LIB (?C?LSTKXDATA)
  C:\KEIL _C51\C51\LIB\C51L.LIB (?C_INIT)


LINK MAP OF MODULE:  ..\hex\1 (MAIN)


            TYPE    BASE      LENGTH    RELOCATION   SEGMENT NAME
            -----------------------------------------------------

            * * * * * * *   D A T A   M E M O R Y   * * * * * * *
            REG     0000H     0008H     ABSOLUTE     "REG BANK 0"
                    0008H     0018H                  *** GAP ***
            BIT     0020H.0   0000H.3   UNIT         _BIT_GROUP_
            BIT     0020H.3   0000H.2   UNIT         ?BI?MAIN
                    0020H.5   0000H.3                *** GAP ***
            IDATA   0021H     0001H     UNIT         ?STACK

            * * * * * * *  X D A T A   M E M O R Y  * * * * * * *
            XDATA   0000H     0119H     UNIT         ?XD?XS_SETTING_POWER
            XDATA   0119H     00BAH     UNIT         ?XD?XS_SW_WORK
            XDATA   01D3H     0071H     UNIT         ?XD?XS_ADVANCED_SETTINGS
            XDATA   0244H     006BH     UNIT         _XDATA_GROUP_
            XDATA   02AFH     004BH     UNIT         ?XD?INIT
            XDATA   02FAH     0011H     UNIT         ?XD?DIS_SW_WORK
            XDATA   030BH     0010H     UNIT         ?XD?TIMER
            XDATA   031BH     000CH     UNIT         ?XD?UART
            XDATA   0327H     0008H     UNIT         ?XD?XS_BASIC_SETTINGS
            XDATA   032FH     0003H     UNIT         ?XD?MAIN
            XDATA   0332H     0003H     UNIT         ?XD?KEY
            XDATA   0335H     0001H     UNIT         ?XD?XS_WAITING

            * * * * * * *   C O D E   M E M O R Y   * * * * * * *
            CODE    0000H     0003H     ABSOLUTE     
            CODE    0003H     0018H     UNIT         ?PR?WRITE_LL_CONSTANT?EEPROM_DATA
            CODE    001BH     0003H     ABSOLUTE     
            CODE    001EH     0031H     UNIT         ?PR?_DIS_SW_WORK_PRELOAD_TIME?DIS_SW_WORK
            CODE    004FH     0004H     UNIT         ?PR?READ_START_INSERTION?KEY
            CODE    0053H     0003H     ABSOLUTE     
            CODE    0056H     0030H     UNIT         ?PR?_IIC_SEND_BYTE?24CXX
            CODE    0086H     0003H     UNIT         ?PR?_UARTSEND_LCD?UART
                    0089H     0002H                  *** GAP ***
            CODE    008BH     0003H     ABSOLUTE     
            CODE    008EH     0B54H     UNIT         ?PR?MAIN_XS_SW_WORK?XS_SW_WORK
            CODE    0BE2H     06A5H     UNIT         ?C?LIB_CODE
            CODE    1287H     03B9H     UNIT         ?PR?DISPLAY
            CODE    1640H     0330H     UNIT         ?PR?_DIS_FONT_ONE_POINT_VALUE?DISPLAY
            CODE    1970H     031CH     UNIT         ?PR?_DIS_FONT_WEI_TEMP?DISPLAY
            CODE    1C8CH     02DFH     UNIT         ?PR?_DIS_FONT_WEI_VALUE?DISPLAY
            CODE    1F6BH     0296H     UNIT         ?PR?MAIN_XS_WAITING?XS_WAITING
            CODE    2201H     028BH     UNIT         ?PR?MAIN_XS_BASIC_SETTINGS?XS_BASIC_SETTINGS
            CODE    248CH     027EH     UNIT         ?PR?_DIS_FONT_WEI_CLOCK?DISPLAY
            CODE    270AH     026CH     UNIT         ?C_INITSEG
            CODE    2976H     0260H     UNIT         ?PR?_DIS_FONT_WEI_NUMBER_CM?DISPLAY
BL51 BANKED LINKER/LOCATER V6.22                                                      10/11/2024  17:50:16  PAGE 3


            CODE    2BD6H     01E1H     UNIT         ?PR?MAIN_XS_SETTING_POWER?XS_SETTING_POWER
            CODE    2DB7H     01D2H     UNIT         ?PR?_GET_ADC_TEMP?ADC
            CODE    2F89H     01B1H     UNIT         ?PR?MAIN_XS_GUIDE?XS_GUIDE
            CODE    313AH     0186H     UNIT         ?PR?MAIN_XS_ADVANCED_SETTINGS?XS_ADVANCED_SETTINGS
            CODE    32C0H     013EH     UNIT         ?PR?TM1_ISR?TIMER
            CODE    33FEH     0133H     UNIT         ?PR?MAIN_XS_PROBE_MODE?XS_PROBE_MODE
            CODE    3531H     0125H     UNIT         ?PR?_COMPARISON_PASSWORD?XS_ADVANCED_SETTINGS
            CODE    3656H     0121H     UNIT         ?PR?XS_SW_WORK
            CODE    3777H     010FH     UNIT         ?PR?_DIS_SW_WORK_POWER?DIS_SW_WORK
            CODE    3886H     00F8H     UNIT         ?PR?_DIS_FONT_NUMBER_C?DISPLAY
            CODE    397EH     00E6H     UNIT         ?PR?UART3ISR?UART
            CODE    3A64H     00C3H     UNIT         ?PR?_DIS_SETTING_POWER_BODY_VALUE?XS_SETTING_POWER
            CODE    3B27H     00BDH     UNIT         ?PR?XS_BASIC_SETTINGS
            CODE    3BE4H     00B4H     UNIT         ?PR?_DIS_SW_WORK_TIME?DIS_SW_WORK
            CODE    3C98H     00B2H     UNIT         ?PR?_DIS_ADV_PASSWORD?XS_ADVANCED_SETTINGS
            CODE    3D4AH     00A3H     UNIT         ?PR?_DIS_SETTING_POWER_ED_VALUE?XS_SETTING_POWER
            CODE    3DEDH     00A0H     UNIT         ?PR?XS_SETTING_POWER
            CODE    3E8DH     009FH     UNIT         ?PR?_KEY_FANHUI?ADS7843
            CODE    3F2CH     0095H     UNIT         ?PR?MAIN?MAIN
            CODE    3FC1H     0095H     UNIT         ?PR?EEPROM_DATA
            CODE    4056H     0094H     UNIT         ?PR?_DIS_FONT_C?DISPLAY
            CODE    40EAH     0092H     UNIT         ?PR?READ_ALL_SET_BODY_VALUE?EEPROM_DATA
            CODE    417CH     0091H     UNIT         ?PR?DIS_SW_WORK
            CODE    420DH     008FH     UNIT         ?PR?READ_ALL_SET_ED_VALUE?EEPROM_DATA
            CODE    429CH     008EH     UNIT         ?PR?_DIS_DEL_DIS?DISPLAY
            CODE    432AH     008CH     UNIT         ?C_C51STARTUP
            CODE    43B6H     0082H     UNIT         ?PR?READ_START_JTKEY?KEY
            CODE    4438H     007FH     UNIT         ?PR?CUT_SW_WORK
            CODE    44B7H     007AH     UNIT         ?PR?XS_WAITING
            CODE    4531H     0078H     UNIT         ?CO?ADC
            CODE    45A9H     0071H     UNIT         ?CO?XS_GUIDE
            CODE    461AH     0070H     UNIT         ?PR?TIMER
            CODE    468AH     006DH     UNIT         ?PR?DIS_BASIC_SETTING_HANDLE_TEMP_WARNING_FLAG?XS_BASIC_SETTINGS
            CODE    46F7H     006CH     UNIT         ?PR?DIS_BASIC_SETTING_HANDLE_INSERT_WARNING_FLAG?XS_BASIC_SETTINGS
            CODE    4763H     006AH     UNIT         ?PR?READ_EEPROM_TOTAL_TIME?EEPROM_DATA
            CODE    47CDH     0067H     UNIT         ?PR?XS_ADVANCED_SETTINGS
            CODE    4834H     0064H     UNIT         ?PR?_DIS_BASIC_SETTING_EEPROM_TOTAL_TIME?XS_BASIC_SETTINGS
            CODE    4898H     0064H     UNIT         ?PR?_READ_SW_PRELOAD_TIME?EEPROM_DATA
            CODE    48FCH     0060H     UNIT         ?CO?XS_BASIC_SETTINGS
            CODE    495CH     0058H     UNIT         ?PR?_DIS_BASIC_SETTING_HANDLE_TEMP_WARNING_VALUE?XS_BASIC_SETTINGS
            CODE    49B4H     0057H     UNIT         ?PR?_DIS_SW_WORK_HANDLE_TEMP?DIS_SW_WORK
            CODE    4A0BH     0053H     UNIT         ?PR?ADC
            CODE    4A5EH     0053H     UNIT         ?PR?DIS_BASIC_SETTING_LL_WARNING_FLAG?XS_BASIC_SETTINGS
            CODE    4AB1H     0051H     UNIT         ?PR?WRITE_EEPROM_TOTAL_TIME?EEPROM_DATA
            CODE    4B02H     0050H     UNIT         ?PR?JUMP_INTERFACE?MAIN_INTERFACE
            CODE    4B52H     004FH     UNIT         ?PR?_DIS_SW_WORK_LL_VALUE?DIS_SW_WORK
            CODE    4BA1H     004DH     UNIT         ?PR?CUT_SW_WORK_PROBE_MODE?CUT_SW_WORK
            CODE    4BEEH     004BH     UNIT         ?PR?INT2_ISR?MAIN
            CODE    4C39H     0043H     UNIT         ?PR?READ_HANDLE_WARNING_VALUE?EEPROM_DATA
            CODE    4C7CH     0042H     UNIT         ?PR?READ_LL_WARNING_VALUE?EEPROM_DATA
            CODE    4CBEH     0041H     UNIT         ?CO?XS_PROBE_MODE
            CODE    4CFFH     0041H     UNIT         ?PR?READ_LL_CONSTANT?EEPROM_DATA
            CODE    4D40H     0040H     UNIT         ?PR?ADS7843
            CODE    4D80H     003FH     UNIT         ?CO?XS_SW_WORK
            CODE    4DBFH     003EH     UNIT         ?PR?ADS7843_KEY?ADS7843
            CODE    4DFDH     003EH     UNIT         ?PR?DIS_SW_WORK_BODY_PARTS?DIS_SW_WORK
            CODE    4E3BH     003EH     UNIT         ?PR?_CUT_SW_WORK_START_STOP_FLAG?CUT_SW_WORK
BL51 BANKED LINKER/LOCATER V6.22                                                      10/11/2024  17:50:16  PAGE 4


            CODE    4E79H     003DH     UNIT         ?PR?_IIC_READ_BYTE?24CXX
            CODE    4EB6H     003DH     UNIT         ?CO?XS_WAITING
            CODE    4EF3H     003DH     UNIT         ?PR?_DIS_BASIC_SETTING_LL_WARNING_VALUE?XS_BASIC_SETTINGS
            CODE    4F30H     003DH     UNIT         ?PR?_DIS_BASIC_SETTING_LL_CONSTANT?XS_BASIC_SETTINGS
            CODE    4F6DH     003CH     UNIT         ?PR?_READ_SW_POWER?EEPROM_DATA
            CODE    4FA9H     0038H     UNIT         ?PR?COUNT_LL_VALUE?COUNT_SW_WORK
            CODE    4FE1H     0037H     UNIT         ?PR?_DIS_SW_WORK_TOTAL_TIME?DIS_SW_WORK
            CODE    5018H     002CH     UNIT         ?PR?CUT_PROBE_MODE?XS_PROBE_MODE
            CODE    5044H     002CH     UNIT         ?PR?_DIS_SW_WORK_FREQUENCY?DIS_SW_WORK
            CODE    5070H     002BH     UNIT         ?PR?IIC_WAIT_ACK?24CXX
            CODE    509BH     002AH     UNIT         ?PR?_DELAY_MS?TIMER
            CODE    50C5H     002AH     UNIT         ?PR?_READ_SW_FREQUENCY?EEPROM_DATA
            CODE    50EFH     0029H     UNIT         ?PR?_GET_ADC_VAL?ADC
            CODE    5118H     0028H     UNIT         ?PR?_COUNT_TIME_1MS?TIMER
            CODE    5140H     0028H     UNIT         ?PR?_COUNT_TIME_100MS?TIMER
            CODE    5168H     0028H     UNIT         ?PR?_WRITE_SW_PRELOAD_TIME?EEPROM_DATA
            CODE    5190H     0027H     UNIT         ?PR?GET_SW_WORK_HANDLE_TEMP?OTHER
            CODE    51B7H     0026H     UNIT         ?PR?_CUT_SW_WORK_LOCK_FLAG?CUT_SW_WORK
            CODE    51DDH     0025H     UNIT         ?PR?_AT24CXX_READONEBYTE?24CXX
            CODE    5202H     0025H     UNIT         ?PR?_AT24CXX_WRITEONEBYTE?24CXX
            CODE    5227H     0024H     UNIT         ?PR?UART3INIT?UART
            CODE    524BH     0024H     UNIT         ?PR?_READ_SW_PROBE_MODE?EEPROM_DATA
            CODE    526FH     0023H     UNIT         ?PR?COUNT_SW_WORK_MAX_POWER?COUNT_SW_WORK
            CODE    5292H     0022H     UNIT         ?CO?DISPLAY
            CODE    52B4H     0021H     UNIT         ?PR?IIC_STOP?24CXX
            CODE    52D5H     0021H     UNIT         ?PR?XS_PROBE_MODE
            CODE    52F6H     0020H     UNIT         ?PR?_READ_ALL_PARAMETER?EEPROM_DATA
            CODE    5316H     001FH     UNIT         ?PR?IIC_START?24CXX
            CODE    5335H     001DH     UNIT         ?PR?CUT_SW_WORK_HANDLE_TEMP_HIGH?CUT_SW_WORK
            CODE    5352H     001BH     UNIT         ?PR?IIC_ACK?24CXX
            CODE    536DH     001BH     UNIT         ?PR?IIC_NACK?24CXX
            CODE    5388H     001AH     UNIT         ?PR?_DIS_PICNUM?DISPLAY
            CODE    53A2H     001AH     UNIT         ?PR?CUT_SW_WORK_HANDLE_TEMP_OPEN?CUT_SW_WORK
            CODE    53BCH     0018H     UNIT         ?PR?WRITE_LL_WARNING_VALUE?EEPROM_DATA
            CODE    53D4H     0018H     UNIT         ?PR?WRITE_HANDLE_WARNING_VALUE?EEPROM_DATA
            CODE    53ECH     0017H     UNIT         ?PR?READ_LL_WARNING_FLAG?EEPROM_DATA
            CODE    5403H     0017H     UNIT         ?PR?READ_HANDLE_WARNING_FLAG?EEPROM_DATA
            CODE    541AH     0017H     UNIT         ?PR?READ_HANDLE_INSERT_WARNING_FLAG?EEPROM_DATA
            CODE    5431H     0017H     UNIT         ?PR?CUT_SW_WORK_PRESET_VALUE_VARNING?CUT_SW_WORK
            CODE    5448H     0016H     UNIT         ?PR?_READ_POWER_SET_BODY_VALUE?EEPROM_DATA
            CODE    545EH     0016H     UNIT         ?PR?_READ_POWER_SET_ED_VALUE?EEPROM_DATA
            CODE    5474H     0016H     UNIT         ?PR?CUT_SW_WORK_INTERNAL_POWER_VARNING?CUT_SW_WORK
            CODE    548AH     0014H     UNIT         ?PR?LCD_OUT_OVER?DISPLAY
            CODE    549EH     0013H     UNIT         ?PR?TIMER1_INIT?TIMER
            CODE    54B1H     0013H     UNIT         ?PR?_WRITE_POWER_SET_BODY_VALUE?EEPROM_DATA
            CODE    54C4H     0013H     UNIT         ?PR?_WRITE_POWER_SET_ED_VALUE?EEPROM_DATA
            CODE    54D7H     0012H     UNIT         ?PR?_WRITE_SW_FREQUENCY?EEPROM_DATA
            CODE    54E9H     0012H     UNIT         ?PR?_WRITE_SW_PROBE_MODE?EEPROM_DATA
            CODE    54FBH     0012H     UNIT         ?PR?CUT_SW_WORK_HANDLE_TEMP_SHORT?CUT_SW_WORK
            CODE    550DH     0011H     UNIT         ?PR?_WRITE_SW_POWER?EEPROM_DATA
            CODE    551EH     000FH     UNIT         ?PR?_UART3SEND?UART
            CODE    552DH     000DH     UNIT         ?PR?CUT_SW_WORK_FLOW_WARNING?CUT_SW_WORK
            CODE    553AH     000DH     UNIT         ?PR?CUT_SW_WORK_HANDLE_INSERT_WARNING?CUT_SW_WORK
            CODE    5547H     000CH     UNIT         ?PR?READ_LOGO_FLAG?EEPROM_DATA
            CODE    5553H     000CH     UNIT         ?PR?WRITE_LL_WARNING_FLAG?EEPROM_DATA
            CODE    555FH     000CH     UNIT         ?PR?WRITE_HANDLE_WARNING_FLAG?EEPROM_DATA
            CODE    556BH     000CH     UNIT         ?PR?WRITE_HANDLE_INSERT_WARNING_FLAG?EEPROM_DATA
BL51 BANKED LINKER/LOCATER V6.22                                                      10/11/2024  17:50:16  PAGE 5


            CODE    5577H     0009H     UNIT         ?PR?XS_GUIDE
            CODE    5580H     0007H     UNIT         ?PR?ADC_INIT?ADC
            CODE    5587H     0007H     UNIT         ?CO?XS_ADVANCED_SETTINGS
            CODE    558EH     0006H     UNIT         ?PR?READ_JTKEY?KEY
            CODE    5594H     0006H     UNIT         ?PR?READ_INSERTION?KEY



OVERLAY MAP OF MODULE:   ..\hex\1 (MAIN)


SEGMENT                                             BIT_GROUP          XDATA_GROUP
  +--> CALLED SEGMENT                            START    LENGTH     START    LENGTH
------------------------------------------------------------------------------------
?PR?TM1_ISR?TIMER                                -----    -----      -----    -----
  +--> ?PR?TIMER

*** NEW ROOT ***************************************************

?C_C51STARTUP                                    -----    -----      -----    -----
  +--> ?PR?MAIN?MAIN
  +--> ?C_INITSEG

?PR?MAIN?MAIN                                    -----    -----      -----    -----
  +--> ?PR?TIMER1_INIT?TIMER
  +--> ?PR?UART3INIT?UART
  +--> ?PR?ADC_INIT?ADC
  +--> ?PR?READ_LOGO_FLAG?EEPROM_DATA
  +--> ?PR?READ_ALL_SET_BODY_VALUE?EEPROM_DATA
  +--> ?PR?READ_ALL_SET_ED_VALUE?EEPROM_DATA
  +--> ?PR?READ_LL_WARNING_FLAG?EEPROM_DATA
  +--> ?PR?READ_LL_CONSTANT?EEPROM_DATA
  +--> ?PR?READ_LL_WARNING_VALUE?EEPROM_DATA
  +--> ?PR?READ_HANDLE_WARNING_FLAG?EEPROM_DATA
  +--> ?PR?READ_HANDLE_WARNING_VALUE?EEPROM_...
  +--> ?PR?READ_HANDLE_INSERT_WARNING_FLAG?E...
  +--> ?PR?READ_EEPROM_TOTAL_TIME?EEPROM_DATA
  +--> ?PR?_DELAY_MS?TIMER
  +--> ?PR?JUMP_INTERFACE?MAIN_INTERFACE

?PR?READ_LOGO_FLAG?EEPROM_DATA                   -----    -----      -----    -----
  +--> ?PR?_AT24CXX_READONEBYTE?24CXX

?PR?_AT24CXX_READONEBYTE?24CXX                   -----    -----      -----    -----
  +--> ?PR?IIC_START?24CXX
  +--> ?PR?_IIC_SEND_BYTE?24CXX
  +--> ?PR?IIC_WAIT_ACK?24CXX
  +--> ?PR?_IIC_READ_BYTE?24CXX
  +--> ?PR?IIC_STOP?24CXX

?PR?IIC_WAIT_ACK?24CXX                           -----    -----      -----    -----
  +--> ?PR?_IIC_SEND_BYTE?24CXX
  +--> ?PR?IIC_STOP?24CXX

?PR?_IIC_READ_BYTE?24CXX                         -----    -----      0255H    0001H
  +--> ?PR?IIC_NACK?24CXX
  +--> ?PR?IIC_ACK?24CXX
BL51 BANKED LINKER/LOCATER V6.22                                                      10/11/2024  17:50:16  PAGE 6



?PR?READ_ALL_SET_BODY_VALUE?EEPROM_DATA          -----    -----      0244H    0002H
  +--> ?PR?EEPROM_DATA
  +--> ?PR?_READ_POWER_SET_BODY_VALUE?EEPROM...
  +--> ?PR?_WRITE_POWER_SET_BODY_VALUE?EEPRO...

?PR?_READ_POWER_SET_BODY_VALUE?EEPROM...         -----    -----      0246H    0001H
  +--> ?PR?_AT24CXX_READONEBYTE?24CXX
  +--> ?PR?EEPROM_DATA

?PR?_WRITE_POWER_SET_BODY_VALUE?EEPRO...         -----    -----      -----    -----
  +--> ?PR?EEPROM_DATA
  +--> ?PR?_AT24CXX_WRITEONEBYTE?24CXX

?PR?_AT24CXX_WRITEONEBYTE?24CXX                  -----    -----      -----    -----
  +--> ?PR?IIC_START?24CXX
  +--> ?PR?_IIC_SEND_BYTE?24CXX
  +--> ?PR?IIC_WAIT_ACK?24CXX
  +--> ?PR?IIC_STOP?24CXX
  +--> ?PR?_DELAY_MS?TIMER

?PR?_DELAY_MS?TIMER                              -----    -----      0256H    0004H
  +--> ?PR?TIMER

?PR?READ_ALL_SET_ED_VALUE?EEPROM_DATA            -----    -----      0244H    0002H
  +--> ?PR?EEPROM_DATA
  +--> ?PR?_READ_POWER_SET_ED_VALUE?EEPROM_DATA
  +--> ?PR?_WRITE_POWER_SET_ED_VALUE?EEPROM_...

?PR?_READ_POWER_SET_ED_VALUE?EEPROM_DATA         -----    -----      0246H    0001H
  +--> ?PR?_AT24CXX_READONEBYTE?24CXX
  +--> ?PR?EEPROM_DATA

?PR?_WRITE_POWER_SET_ED_VALUE?EEPROM_...         -----    -----      -----    -----
  +--> ?PR?EEPROM_DATA
  +--> ?PR?_AT24CXX_WRITEONEBYTE?24CXX

?PR?READ_LL_WARNING_FLAG?EEPROM_DATA             -----    -----      -----    -----
  +--> ?PR?_AT24CXX_READONEBYTE?24CXX
  +--> ?PR?WRITE_LL_WARNING_FLAG?EEPROM_DATA

?PR?WRITE_LL_WARNING_FLAG?EEPROM_DATA            -----    -----      -----    -----
  +--> ?PR?_AT24CXX_WRITEONEBYTE?24CXX

?PR?READ_LL_CONSTANT?EEPROM_DATA                 -----    -----      -----    -----
  +--> ?PR?_AT24CXX_READONEBYTE?24CXX
  +--> ?PR?EEPROM_DATA
  +--> ?PR?WRITE_LL_CONSTANT?EEPROM_DATA

?PR?WRITE_LL_CONSTANT?EEPROM_DATA                -----    -----      -----    -----
  +--> ?PR?_AT24CXX_WRITEONEBYTE?24CXX

?PR?READ_LL_WARNING_VALUE?EEPROM_DATA            -----    -----      -----    -----
  +--> ?PR?_AT24CXX_READONEBYTE?24CXX
  +--> ?PR?EEPROM_DATA
  +--> ?PR?WRITE_LL_WARNING_VALUE?EEPROM_DATA

BL51 BANKED LINKER/LOCATER V6.22                                                      10/11/2024  17:50:16  PAGE 7


?PR?WRITE_LL_WARNING_VALUE?EEPROM_DATA           -----    -----      -----    -----
  +--> ?PR?_AT24CXX_WRITEONEBYTE?24CXX

?PR?READ_HANDLE_WARNING_FLAG?EEPROM_DATA         -----    -----      -----    -----
  +--> ?PR?_AT24CXX_READONEBYTE?24CXX
  +--> ?PR?WRITE_HANDLE_WARNING_FLAG?EEPROM_...

?PR?WRITE_HANDLE_WARNING_FLAG?EEPROM_...         -----    -----      -----    -----
  +--> ?PR?_AT24CXX_WRITEONEBYTE?24CXX

?PR?READ_HANDLE_WARNING_VALUE?EEPROM_...         -----    -----      -----    -----
  +--> ?PR?_AT24CXX_READONEBYTE?24CXX
  +--> ?PR?EEPROM_DATA
  +--> ?PR?WRITE_HANDLE_WARNING_VALUE?EEPROM...

?PR?WRITE_HANDLE_WARNING_VALUE?EEPROM...         -----    -----      -----    -----
  +--> ?PR?_AT24CXX_WRITEONEBYTE?24CXX

?PR?READ_HANDLE_INSERT_WARNING_FLAG?E...         -----    -----      -----    -----
  +--> ?PR?_AT24CXX_READONEBYTE?24CXX
  +--> ?PR?WRITE_HANDLE_INSERT_WARNING_FLAG?...

?PR?WRITE_HANDLE_INSERT_WARNING_FLAG?...         -----    -----      -----    -----
  +--> ?PR?_AT24CXX_WRITEONEBYTE?24CXX

?PR?READ_EEPROM_TOTAL_TIME?EEPROM_DATA           -----    -----      -----    -----
  +--> ?PR?_AT24CXX_READONEBYTE?24CXX
  +--> ?PR?EEPROM_DATA
  +--> ?PR?WRITE_EEPROM_TOTAL_TIME?EEPROM_DATA

?PR?WRITE_EEPROM_TOTAL_TIME?EEPROM_DATA          -----    -----      -----    -----
  +--> ?PR?_AT24CXX_WRITEONEBYTE?24CXX

?PR?JUMP_INTERFACE?MAIN_INTERFACE                -----    -----      -----    -----
  +--> ?PR?MAIN_XS_SW_WORK?XS_SW_WORK
  +--> ?PR?MAIN_XS_WAITING?XS_WAITING
  +--> ?PR?MAIN_XS_BASIC_SETTINGS?XS_BASIC_S...
  +--> ?PR?MAIN_XS_ADVANCED_SETTINGS?XS_ADVA...
  +--> ?PR?MAIN_XS_GUIDE?XS_GUIDE
  +--> ?PR?MAIN_XS_PROBE_MODE?XS_PROBE_MODE
  +--> ?PR?MAIN_XS_SETTING_POWER?XS_SETTING_...

?PR?MAIN_XS_SW_WORK?XS_SW_WORK                   0020H.0  0000H.3    0244H    000EH
  +--> ?PR?XS_SW_WORK
  +--> ?PR?_READ_SW_POWER?EEPROM_DATA
  +--> ?PR?_READ_SW_FREQUENCY?EEPROM_DATA
  +--> ?PR?_READ_SW_PRELOAD_TIME?EEPROM_DATA
  +--> ?PR?_READ_SW_PROBE_MODE?EEPROM_DATA
  +--> ?PR?COUNT_SW_WORK_MAX_POWER?COUNT_SW_...
  +--> ?PR?_DIS_PICNUM?DISPLAY
  +--> ?PR?CUT_SW_WORK_PROBE_MODE?CUT_SW_WORK
  +--> ?PR?_DIS_SW_WORK_POWER?DIS_SW_WORK
  +--> ?PR?_DIS_SW_WORK_FREQUENCY?DIS_SW_WORK
  +--> ?PR?_DIS_SW_WORK_PRELOAD_TIME?DIS_SW_...
  +--> ?PR?_DIS_SW_WORK_TOTAL_TIME?DIS_SW_WORK
  +--> ?PR?_DIS_SW_WORK_TIME?DIS_SW_WORK
  +--> ?PR?_CUT_SW_WORK_START_STOP_FLAG?CUT_...
BL51 BANKED LINKER/LOCATER V6.22                                                      10/11/2024  17:50:16  PAGE 8


  +--> ?PR?_CUT_SW_WORK_LOCK_FLAG?CUT_SW_WORK
  +--> ?CO?XS_SW_WORK
  +--> ?PR?COUNT_LL_VALUE?COUNT_SW_WORK
  +--> ?PR?READ_START_JTKEY?KEY
  +--> ?PR?READ_START_INSERTION?KEY
  +--> ?PR?_DIS_SW_WORK_LL_VALUE?DIS_SW_WORK
  +--> ?PR?_DIS_FONT_ONE_POINT_VALUE?DISPLAY
  +--> ?PR?_DIS_FONT_WEI_NUMBER_CM?DISPLAY
  +--> ?PR?_DIS_SW_WORK_HANDLE_TEMP?DIS_SW_WORK
  +--> ?PR?_DIS_FONT_WEI_TEMP?DISPLAY
  +--> ?PR?_DIS_FONT_C?DISPLAY
  +--> ?PR?ADS7843_KEY?ADS7843
  +--> ?PR?_KEY_FANHUI?ADS7843
  +--> ?PR?_DIS_DEL_DIS?DISPLAY
  +--> ?PR?DIS_SW_WORK_BODY_PARTS?DIS_SW_WORK
  +--> ?PR?_WRITE_SW_POWER?EEPROM_DATA
  +--> ?PR?_WRITE_SW_FREQUENCY?EEPROM_DATA
  +--> ?PR?_WRITE_SW_PRELOAD_TIME?EEPROM_DATA
  +--> ?PR?_COUNT_TIME_1MS?TIMER
  +--> ?PR?_COUNT_TIME_100MS?TIMER
  +--> ?PR?CUT_SW_WORK_HANDLE_INSERT_WARNING...
  +--> ?PR?CUT_SW_WORK_FLOW_WARNING?CUT_SW_WORK
  +--> ?PR?CUT_SW_WORK_HANDLE_TEMP_OPEN?CUT_...
  +--> ?PR?CUT_SW_WORK_HANDLE_TEMP_SHORT?CUT...
  +--> ?PR?CUT_SW_WORK_HANDLE_TEMP_HIGH?CUT_...
  +--> ?PR?GET_SW_WORK_HANDLE_TEMP?OTHER
  +--> ?PR?CUT_SW_WORK_PRESET_VALUE_VARNING?...
  +--> ?PR?WRITE_EEPROM_TOTAL_TIME?EEPROM_DATA
  +--> ?PR?_READ_ALL_PARAMETER?EEPROM_DATA
  +--> ?PR?_DELAY_MS?TIMER

?PR?XS_SW_WORK                                   -----    -----      -----    -----
  +--> ?CO?XS_SW_WORK

?PR?_READ_SW_POWER?EEPROM_DATA                   -----    -----      0253H    0001H
  +--> ?PR?EEPROM_DATA
  +--> ?PR?_AT24CXX_READONEBYTE?24CXX
  +--> ?PR?_WRITE_SW_POWER?EEPROM_DATA

?PR?_WRITE_SW_POWER?EEPROM_DATA                  -----    -----      -----    -----
  +--> ?PR?_AT24CXX_WRITEONEBYTE?24CXX

?PR?_READ_SW_FREQUENCY?EEPROM_DATA               -----    -----      0253H    0001H
  +--> ?PR?EEPROM_DATA
  +--> ?PR?_AT24CXX_READONEBYTE?24CXX
  +--> ?PR?_WRITE_SW_FREQUENCY?EEPROM_DATA

?PR?_WRITE_SW_FREQUENCY?EEPROM_DATA              -----    -----      -----    -----
  +--> ?PR?_AT24CXX_WRITEONEBYTE?24CXX

?PR?_READ_SW_PRELOAD_TIME?EEPROM_DATA            -----    -----      0253H    0002H
  +--> ?PR?EEPROM_DATA
  +--> ?PR?_AT24CXX_READONEBYTE?24CXX
  +--> ?PR?_WRITE_SW_PRELOAD_TIME?EEPROM_DATA

?PR?_WRITE_SW_PRELOAD_TIME?EEPROM_DATA           -----    -----      0255H    0001H
  +--> ?PR?_AT24CXX_WRITEONEBYTE?24CXX
BL51 BANKED LINKER/LOCATER V6.22                                                      10/11/2024  17:50:16  PAGE 9



?PR?_READ_SW_PROBE_MODE?EEPROM_DATA              -----    -----      0253H    0001H
  +--> ?PR?EEPROM_DATA
  +--> ?PR?_AT24CXX_READONEBYTE?24CXX
  +--> ?PR?_WRITE_SW_PROBE_MODE?EEPROM_DATA

?PR?_WRITE_SW_PROBE_MODE?EEPROM_DATA             -----    -----      -----    -----
  +--> ?PR?_AT24CXX_WRITEONEBYTE?24CXX

?PR?_DIS_PICNUM?DISPLAY                          -----    -----      0255H    0001H
  +--> ?PR?_UARTSEND_LCD?UART
  +--> ?PR?LCD_OUT_OVER?DISPLAY

?PR?_UARTSEND_LCD?UART                           -----    -----      -----    -----
  +--> ?PR?_UART3SEND?UART

?PR?LCD_OUT_OVER?DISPLAY                         -----    -----      -----    -----
  +--> ?PR?_UARTSEND_LCD?UART

?PR?CUT_SW_WORK_PROBE_MODE?CUT_SW_WORK           -----    -----      0252H    0001H
  +--> ?PR?CUT_SW_WORK
  +--> ?PR?_DIS_DEL_DIS?DISPLAY

?PR?_DIS_DEL_DIS?DISPLAY                         -----    -----      029BH    000DH
  +--> ?PR?_UARTSEND_LCD?UART
  +--> ?PR?LCD_OUT_OVER?DISPLAY

?PR?_DIS_SW_WORK_POWER?DIS_SW_WORK               -----    -----      0252H    0001H
  +--> ?PR?DIS_SW_WORK
  +--> ?PR?_DIS_FONT_WEI_VALUE?DISPLAY

?PR?_DIS_FONT_WEI_VALUE?DISPLAY                  -----    -----      0253H    0027H
  +--> ?PR?DISPLAY
  +--> ?PR?_DIS_DEL_DIS?DISPLAY
  +--> ?PR?_DIS_FONT_WEI_NUMBER_CM?DISPLAY

?PR?DISPLAY                                      -----    -----      -----    -----
  +--> ?CO?DISPLAY

?PR?_DIS_FONT_WEI_NUMBER_CM?DISPLAY              -----    -----      027AH    0021H
  +--> ?PR?DISPLAY
  +--> ?PR?_DIS_DEL_DIS?DISPLAY
  +--> ?PR?_DIS_FONT_NUMBER_C?DISPLAY

?PR?_DIS_FONT_NUMBER_C?DISPLAY                   -----    -----      029BH    0008H
  +--> ?PR?DISPLAY
  +--> ?CO?DISPLAY
  +--> ?PR?_DIS_FONT_C?DISPLAY

?PR?_DIS_FONT_C?DISPLAY                          -----    -----      02A3H    000CH
  +--> ?PR?DISPLAY
  +--> ?PR?_UARTSEND_LCD?UART
  +--> ?PR?LCD_OUT_OVER?DISPLAY

?PR?_DIS_SW_WORK_FREQUENCY?DIS_SW_WORK           -----    -----      -----    -----
  +--> ?PR?DIS_SW_WORK
  +--> ?PR?_DIS_FONT_WEI_VALUE?DISPLAY
BL51 BANKED LINKER/LOCATER V6.22                                                      10/11/2024  17:50:16  PAGE 10



?PR?_DIS_SW_WORK_PRELOAD_TIME?DIS_SW_...         -----    -----      -----    -----
  +--> ?PR?DIS_SW_WORK
  +--> ?PR?_DIS_FONT_WEI_VALUE?DISPLAY

?PR?_DIS_SW_WORK_TOTAL_TIME?DIS_SW_WORK          -----    -----      -----    -----
  +--> ?PR?DIS_SW_WORK
  +--> ?PR?_DIS_FONT_WEI_VALUE?DISPLAY

?PR?_DIS_SW_WORK_TIME?DIS_SW_WORK                -----    -----      0252H    0009H
  +--> ?PR?DIS_SW_WORK
  +--> ?PR?_DIS_FONT_WEI_CLOCK?DISPLAY

?PR?_DIS_FONT_WEI_CLOCK?DISPLAY                  -----    -----      025BH    0017H
  +--> ?PR?DISPLAY
  +--> ?PR?_DIS_FONT_WEI_NUMBER_CM?DISPLAY
  +--> ?CO?DISPLAY
  +--> ?PR?_DIS_FONT_C?DISPLAY

?PR?_CUT_SW_WORK_START_STOP_FLAG?CUT_...         -----    -----      0252H    0001H
  +--> ?PR?CUT_SW_WORK
  +--> ?PR?_DIS_DEL_DIS?DISPLAY

?PR?_CUT_SW_WORK_LOCK_FLAG?CUT_SW_WORK           -----    -----      0252H    0001H
  +--> ?PR?CUT_SW_WORK
  +--> ?PR?_DIS_DEL_DIS?DISPLAY

?PR?READ_START_JTKEY?KEY                         -----    -----      -----    -----
  +--> ?PR?READ_JTKEY?KEY

?PR?READ_START_INSERTION?KEY                     -----    -----      -----    -----
  +--> ?PR?READ_INSERTION?KEY

?PR?_DIS_SW_WORK_LL_VALUE?DIS_SW_WORK            -----    -----      -----    -----
  +--> ?PR?DIS_SW_WORK
  +--> ?PR?_DIS_FONT_ONE_POINT_VALUE?DISPLAY

?PR?_DIS_FONT_ONE_POINT_VALUE?DISPLAY            -----    -----      0255H    001DH
  +--> ?PR?DISPLAY
  +--> ?PR?_DIS_DEL_DIS?DISPLAY
  +--> ?PR?_DIS_FONT_WEI_NUMBER_CM?DISPLAY
  +--> ?PR?_DIS_FONT_C?DISPLAY

?PR?_DIS_SW_WORK_HANDLE_TEMP?DIS_SW_WORK         -----    -----      0252H    0002H
  +--> ?PR?DIS_SW_WORK
  +--> ?PR?_DIS_FONT_WEI_TEMP?DISPLAY

?PR?_DIS_FONT_WEI_TEMP?DISPLAY                   -----    -----      0254H    001FH
  +--> ?PR?DISPLAY
  +--> ?PR?_DIS_DEL_DIS?DISPLAY
  +--> ?CO?DISPLAY
  +--> ?PR?_DIS_FONT_C?DISPLAY
  +--> ?PR?_DIS_FONT_WEI_NUMBER_CM?DISPLAY

?PR?ADS7843_KEY?ADS7843                          -----    -----      -----    -----
  +--> ?PR?ADS7843

BL51 BANKED LINKER/LOCATER V6.22                                                      10/11/2024  17:50:16  PAGE 11


?PR?_KEY_FANHUI?ADS7843                          -----    -----      0255H    000BH
  +--> ?PR?ADS7843

?PR?DIS_SW_WORK_BODY_PARTS?DIS_SW_WORK           -----    -----      -----    -----
  +--> ?PR?DIS_SW_WORK
  +--> ?PR?_DIS_DEL_DIS?DISPLAY
  +--> ?PR?CUT_SW_WORK_PROBE_MODE?CUT_SW_WORK
  +--> ?PR?_DIS_SW_WORK_POWER?DIS_SW_WORK
  +--> ?PR?_DIS_SW_WORK_FREQUENCY?DIS_SW_WORK
  +--> ?PR?_DIS_SW_WORK_PRELOAD_TIME?DIS_SW_...
  +--> ?PR?_DIS_SW_WORK_TOTAL_TIME?DIS_SW_WORK

?PR?_COUNT_TIME_1MS?TIMER                        -----    -----      -----    -----
  +--> ?PR?TIMER

?PR?_COUNT_TIME_100MS?TIMER                      -----    -----      -----    -----
  +--> ?PR?TIMER

?PR?CUT_SW_WORK_HANDLE_INSERT_WARNING...         -----    -----      -----    -----
  +--> ?PR?CUT_SW_WORK
  +--> ?PR?_DIS_DEL_DIS?DISPLAY

?PR?CUT_SW_WORK_FLOW_WARNING?CUT_SW_WORK         -----    -----      -----    -----
  +--> ?PR?CUT_SW_WORK
  +--> ?PR?_DIS_DEL_DIS?DISPLAY

?PR?CUT_SW_WORK_HANDLE_TEMP_OPEN?CUT_...         -----    -----      -----    -----
  +--> ?PR?CUT_SW_WORK
  +--> ?PR?_DIS_DEL_DIS?DISPLAY

?PR?CUT_SW_WORK_HANDLE_TEMP_SHORT?CUT...         -----    -----      -----    -----
  +--> ?PR?CUT_SW_WORK
  +--> ?PR?_DIS_DEL_DIS?DISPLAY

?PR?CUT_SW_WORK_HANDLE_TEMP_HIGH?CUT_...         -----    -----      -----    -----
  +--> ?PR?CUT_SW_WORK
  +--> ?PR?_DIS_DEL_DIS?DISPLAY

?PR?GET_SW_WORK_HANDLE_TEMP?OTHER                -----    -----      0252H    0004H
  +--> ?PR?_GET_ADC_TEMP?ADC

?PR?_GET_ADC_TEMP?ADC                            -----    -----      0256H    0012H
  +--> ?PR?ADC
  +--> ?CO?ADC

?PR?ADC                                          -----    -----      -----    -----
  +--> ?CO?ADC

?PR?CUT_SW_WORK_PRESET_VALUE_VARNING?...         -----    -----      -----    -----
  +--> ?PR?CUT_SW_WORK
  +--> ?PR?_DIS_DEL_DIS?DISPLAY

?PR?_READ_ALL_PARAMETER?EEPROM_DATA              -----    -----      0252H    0001H
  +--> ?PR?_READ_SW_POWER?EEPROM_DATA
  +--> ?PR?_READ_SW_FREQUENCY?EEPROM_DATA
  +--> ?PR?_READ_SW_PRELOAD_TIME?EEPROM_DATA
  +--> ?PR?_READ_SW_PROBE_MODE?EEPROM_DATA
BL51 BANKED LINKER/LOCATER V6.22                                                      10/11/2024  17:50:16  PAGE 12



?PR?MAIN_XS_WAITING?XS_WAITING                   -----    -----      0244H    0011H
  +--> ?PR?_DIS_PICNUM?DISPLAY
  +--> ?PR?XS_WAITING
  +--> ?CO?XS_WAITING
  +--> ?PR?_DIS_FONT_C?DISPLAY
  +--> ?PR?_DIS_FONT_ONE_POINT_VALUE?DISPLAY
  +--> ?PR?CUT_SW_WORK_INTERNAL_POWER_VARNIN...
  +--> ?PR?_DELAY_MS?TIMER
  +--> ?PR?_DIS_DEL_DIS?DISPLAY
  +--> ?PR?ADS7843_KEY?ADS7843
  +--> ?PR?_KEY_FANHUI?ADS7843
  +--> ?PR?_GET_ADC_VAL?ADC

?PR?CUT_SW_WORK_INTERNAL_POWER_VARNIN...         -----    -----      -----    -----
  +--> ?PR?CUT_SW_WORK
  +--> ?PR?_DIS_DEL_DIS?DISPLAY

?PR?_GET_ADC_VAL?ADC                             -----    -----      0255H    0004H
  +--> ?PR?ADC

?PR?MAIN_XS_BASIC_SETTINGS?XS_BASIC_S...         -----    -----      0244H    0001H
  +--> ?PR?_DIS_PICNUM?DISPLAY
  +--> ?PR?DIS_BASIC_SETTING_LL_WARNING_FLAG...
  +--> ?PR?_DIS_BASIC_SETTING_LL_WARNING_VAL...
  +--> ?PR?_DIS_BASIC_SETTING_LL_CONSTANT?XS...
  +--> ?PR?DIS_BASIC_SETTING_HANDLE_INSERT_W...
  +--> ?PR?DIS_BASIC_SETTING_HANDLE_TEMP_WAR...
  +--> ?PR?_DIS_BASIC_SETTING_HANDLE_TEMP_WA...
  +--> ?PR?_DIS_BASIC_SETTING_EEPROM_TOTAL_T...
  +--> ?PR?ADS7843_KEY?ADS7843
  +--> ?CO?XS_BASIC_SETTINGS
  +--> ?PR?_KEY_FANHUI?ADS7843
  +--> ?PR?XS_BASIC_SETTINGS
  +--> ?PR?WRITE_EEPROM_TOTAL_TIME?EEPROM_DATA
  +--> ?PR?_DELAY_MS?TIMER
  +--> ?PR?WRITE_LL_WARNING_FLAG?EEPROM_DATA
  +--> ?PR?WRITE_LL_WARNING_VALUE?EEPROM_DATA
  +--> ?PR?WRITE_LL_CONSTANT?EEPROM_DATA
  +--> ?PR?WRITE_HANDLE_INSERT_WARNING_FLAG?...
  +--> ?PR?WRITE_HANDLE_WARNING_FLAG?EEPROM_...
  +--> ?PR?WRITE_HANDLE_WARNING_VALUE?EEPROM...

?PR?DIS_BASIC_SETTING_LL_WARNING_FLAG...         -----    -----      0245H    0004H
  +--> ?PR?XS_BASIC_SETTINGS
  +--> ?PR?_DIS_DEL_DIS?DISPLAY
  +--> ?PR?_DIS_FONT_C?DISPLAY

?PR?XS_BASIC_SETTINGS                            -----    -----      -----    -----
  +--> ?CO?XS_BASIC_SETTINGS

?PR?_DIS_BASIC_SETTING_LL_WARNING_VAL...         -----    -----      0245H    0004H
  +--> ?PR?XS_BASIC_SETTINGS
  +--> ?PR?_DIS_FONT_ONE_POINT_VALUE?DISPLAY

?PR?_DIS_BASIC_SETTING_LL_CONSTANT?XS...         -----    -----      0245H    0004H
  +--> ?PR?XS_BASIC_SETTINGS
BL51 BANKED LINKER/LOCATER V6.22                                                      10/11/2024  17:50:16  PAGE 13


  +--> ?PR?_DIS_FONT_ONE_POINT_VALUE?DISPLAY

?PR?DIS_BASIC_SETTING_HANDLE_INSERT_W...         -----    -----      0245H    0004H
  +--> ?PR?XS_BASIC_SETTINGS
  +--> ?PR?_DIS_DEL_DIS?DISPLAY
  +--> ?PR?_DIS_FONT_C?DISPLAY

?PR?DIS_BASIC_SETTING_HANDLE_TEMP_WAR...         -----    -----      0245H    0004H
  +--> ?PR?XS_BASIC_SETTINGS
  +--> ?PR?_DIS_DEL_DIS?DISPLAY
  +--> ?PR?_DIS_FONT_C?DISPLAY

?PR?_DIS_BASIC_SETTING_HANDLE_TEMP_WA...         -----    -----      0245H    0004H
  +--> ?PR?XS_BASIC_SETTINGS
  +--> ?PR?_DIS_FONT_WEI_TEMP?DISPLAY

?PR?_DIS_BASIC_SETTING_EEPROM_TOTAL_T...         -----    -----      0245H    0004H
  +--> ?PR?XS_BASIC_SETTINGS
  +--> ?PR?_DIS_FONT_WEI_VALUE?DISPLAY

?PR?MAIN_XS_ADVANCED_SETTINGS?XS_ADVA...         -----    -----      0244H    0007H
  +--> ?PR?_DIS_PICNUM?DISPLAY
  +--> ?PR?XS_ADVANCED_SETTINGS
  +--> ?CO?XS_ADVANCED_SETTINGS
  +--> ?PR?_DIS_FONT_C?DISPLAY
  +--> ?PR?ADS7843_KEY?ADS7843
  +--> ?PR?_KEY_FANHUI?ADS7843
  +--> ?PR?_DIS_ADV_PASSWORD?XS_ADVANCED_SET...
  +--> ?PR?_COMPARISON_PASSWORD?XS_ADVANCED_...

?PR?_DIS_ADV_PASSWORD?XS_ADVANCED_SET...         -----    -----      024FH    0007H
  +--> ?PR?XS_ADVANCED_SETTINGS
  +--> ?PR?_DIS_DEL_DIS?DISPLAY
  +--> ?CO?XS_ADVANCED_SETTINGS
  +--> ?PR?_DIS_FONT_C?DISPLAY

?PR?_COMPARISON_PASSWORD?XS_ADVANCED_...         -----    -----      024BH    0004H
  +--> ?PR?XS_ADVANCED_SETTINGS
  +--> ?PR?_DIS_ADV_PASSWORD?XS_ADVANCED_SET...

?PR?MAIN_XS_GUIDE?XS_GUIDE                       0020H.0  0000H.1    -----    -----
  +--> ?PR?_DIS_PICNUM?DISPLAY
  +--> ?PR?ADS7843_KEY?ADS7843
  +--> ?CO?XS_GUIDE
  +--> ?PR?_KEY_FANHUI?ADS7843
  +--> ?PR?XS_GUIDE
  +--> ?PR?_CUT_SW_WORK_LOCK_FLAG?CUT_SW_WORK

?PR?MAIN_XS_PROBE_MODE?XS_PROBE_MODE             0020H.0  0000H.1    -----    -----
  +--> ?PR?_DIS_PICNUM?DISPLAY
  +--> ?PR?ADS7843_KEY?ADS7843
  +--> ?CO?XS_PROBE_MODE
  +--> ?PR?_KEY_FANHUI?ADS7843
  +--> ?PR?XS_PROBE_MODE
  +--> ?PR?CUT_PROBE_MODE?XS_PROBE_MODE
  +--> ?PR?_WRITE_SW_PROBE_MODE?EEPROM_DATA
  +--> ?PR?_CUT_SW_WORK_LOCK_FLAG?CUT_SW_WORK
BL51 BANKED LINKER/LOCATER V6.22                                                      10/11/2024  17:50:16  PAGE 14



?PR?CUT_PROBE_MODE?XS_PROBE_MODE                 -----    -----      -----    -----
  +--> ?PR?_DIS_DEL_DIS?DISPLAY
  +--> ?PR?CUT_SW_WORK_PROBE_MODE?CUT_SW_WORK

?PR?MAIN_XS_SETTING_POWER?XS_SETTING_...         -----    -----      0244H    0003H
  +--> ?PR?_DIS_PICNUM?DISPLAY
  +--> ?PR?_DIS_SETTING_POWER_BODY_VALUE?XS_...
  +--> ?PR?_DIS_SETTING_POWER_ED_VALUE?XS_SE...
  +--> ?PR?ADS7843_KEY?ADS7843
  +--> ?PR?_KEY_FANHUI?ADS7843
  +--> ?PR?XS_SETTING_POWER
  +--> ?PR?_WRITE_POWER_SET_BODY_VALUE?EEPRO...
  +--> ?PR?_DELAY_MS?TIMER
  +--> ?PR?_WRITE_POWER_SET_ED_VALUE?EEPROM_...

?PR?_DIS_SETTING_POWER_BODY_VALUE?XS_...         -----    -----      0247H    0005H
  +--> ?PR?XS_SETTING_POWER
  +--> ?PR?_DIS_FONT_WEI_VALUE?DISPLAY

?PR?_DIS_SETTING_POWER_ED_VALUE?XS_SE...         -----    -----      0247H    0005H
  +--> ?PR?XS_SETTING_POWER
  +--> ?PR?_DIS_FONT_WEI_VALUE?DISPLAY



SYMBOL TABLE OF MODULE:  ..\hex\1 (MAIN)

  VALUE           TYPE          NAME
  ----------------------------------

  -------         MODULE        MAIN
  C:0000H         SYMBOL        _ICE_DUMMY_
  D:0092H         PUBLIC        P1M0
  D:0093H         PUBLIC        P0M1
  D:0096H         PUBLIC        P2M0
  D:0091H         PUBLIC        P1M1
  D:0080H         PUBLIC        P0
  D:00B2H         PUBLIC        P3M0
  D:0095H         PUBLIC        P2M1
  D:0090H         PUBLIC        P1
  D:00B4H         PUBLIC        P4M0
  D:00B1H         PUBLIC        P3M1
  D:00A0H         PUBLIC        P2
  D:00CAH         PUBLIC        P5M0
  D:00B3H         PUBLIC        P4M1
  D:00B0H         PUBLIC        P3
  D:00C9H         PUBLIC        P5M1
  D:00C0H         PUBLIC        P4
  D:00C8H         PUBLIC        P5
  B:00A8H.7       PUBLIC        EA
  D:00E8H         PUBLIC        P6
  D:00F8H         PUBLIC        P7
  D:00BAH         PUBLIC        P_SW2
  D:00A8H         PUBLIC        IE
  X:032FH         PUBLIC        INTERFACE
  D:008FH         PUBLIC        INTCLKO
BL51 BANKED LINKER/LOCATER V6.22                                                      10/11/2024  17:50:16  PAGE 15


  D:00B8H         PUBLIC        IP
  D:00D8H         PUBLIC        CCON
  C:3F2CH         PUBLIC        main
  X:0330H         PUBLIC        LAST_INTERFACE
  B:0020H.3       PUBLIC        XIAN_FLAG
  C:4BEEH         PUBLIC        INT2_Isr
  B:0020H.4       PUBLIC        LOGO_FLAG
  B:00A0H.0       PUBLIC        P20
  D:0098H         PUBLIC        SCON
  B:0090H.3       PUBLIC        P13
  D:0088H         PUBLIC        TCON
  B:00A0H.5       PUBLIC        P25
  B:00A0H.6       PUBLIC        P26
  B:00C8H.4       PUBLIC        P54
  B:00A0H.7       PUBLIC        P27
  B:00B0H.7       PUBLIC        P37
  X:0331H         PUBLIC        SOUND_COUNT
  D:00D0H         PUBLIC        PSW
  D:0094H         PUBLIC        P0M0
  -------         PROC          MAIN
  C:3F2CH         LINE#         10
  C:3F2CH         LINE#         11
  C:3F2CH         LINE#         12
  C:3F2FH         LINE#         13
  C:3F32H         LINE#         14
  C:3F35H         LINE#         15
  C:3F38H         LINE#         16
  C:3F3BH         LINE#         17
  C:3F3EH         LINE#         18
  C:3F41H         LINE#         19
  C:3F44H         LINE#         20
  C:3F47H         LINE#         21
  C:3F49H         LINE#         22
  C:3F4CH         LINE#         23
  C:3F4FH         LINE#         24
  C:3F51H         LINE#         34
  C:3F53H         LINE#         35
  C:3F56H         LINE#         36
  C:3F59H         LINE#         37
  C:3F5CH         LINE#         38
  C:3F5FH         LINE#         39
  C:3F61H         LINE#         41
  C:3F66H         LINE#         42
  C:3F6CH         LINE#         43
  C:3F74H         LINE#         44
  C:3F7AH         LINE#         45
  C:3F7EH         LINE#         47
  C:3F80H         LINE#         48
  C:3F82H         LINE#         49
  C:3F84H         LINE#         50
  C:3F86H         LINE#         51
  C:3F88H         LINE#         52
  C:3F8AH         LINE#         54
  C:3F8CH         LINE#         56
  C:3F8FH         LINE#         57
  C:3F92H         LINE#         58
  C:3F95H         LINE#         60
BL51 BANKED LINKER/LOCATER V6.22                                                      10/11/2024  17:50:16  PAGE 16


  C:3F98H         LINE#         61
  C:3F9BH         LINE#         62
  C:3F9EH         LINE#         64
  C:3FA1H         LINE#         65
  C:3FA4H         LINE#         67
  C:3FA7H         LINE#         69
  C:3FAAH         LINE#         71
  C:3FB5H         LINE#         73
  C:3FB7H         LINE#         75
  C:3FB7H         LINE#         76
  C:3FBCH         LINE#         77
  C:3FBFH         LINE#         78
  -------         ENDPROC       MAIN
  -------         PROC          INT2_ISR
  C:4BEEH         LINE#         81
  C:4C05H         LINE#         83
  C:4C24H         LINE#         84
  -------         ENDPROC       INT2_ISR
  -------         ENDMOD        MAIN

  -------         MODULE        PWM
  C:0000H         SYMBOL        _ICE_DUMMY_
  -------         ENDMOD        PWM

  -------         MODULE        TIMER
  C:0000H         SYMBOL        _ICE_DUMMY_
  D:0080H         PUBLIC        P0
  D:0090H         PUBLIC        P1
  D:00A0H         PUBLIC        P2
  D:00B0H         PUBLIC        P3
  D:00C0H         PUBLIC        P4
  D:00C8H         PUBLIC        P5
  D:00E8H         PUBLIC        P6
  D:00F8H         PUBLIC        P7
  D:00A8H         PUBLIC        IE
  C:5140H         PUBLIC        _count_time_100ms
  D:00B8H         PUBLIC        IP
  D:00D8H         PUBLIC        CCON
  C:549EH         PUBLIC        Timer1_Init
  C:5118H         PUBLIC        _count_time_1ms
  D:0098H         PUBLIC        SCON
  B:0090H.3       PUBLIC        P13
  D:0089H         PUBLIC        TMOD
  D:0088H         PUBLIC        TCON
  B:00A0H.5       PUBLIC        P25
  B:00A0H.6       PUBLIC        P26
  D:008EH         PUBLIC        AUXR
  B:00A8H.3       PUBLIC        ET1
  B:0088H.7       PUBLIC        TF1
  D:008DH         PUBLIC        TH1
  X:0317H         PUBLIC        SYSTEM_CC
  D:008BH         PUBLIC        TL1
  C:509BH         PUBLIC        _delay_ms
  B:0088H.6       PUBLIC        TR1
  C:32C0H         PUBLIC        TM1_Isr
  D:00D0H         PUBLIC        PSW
  C:461AH         SYMBOL        Com001D
BL51 BANKED LINKER/LOCATER V6.22                                                      10/11/2024  17:50:16  PAGE 17


  C:461AH         SYMBOL        L?0030
  C:4625H         SYMBOL        L?0031
  C:4628H         SYMBOL        L?0032
  C:4633H         SYMBOL        L?0033
  C:4634H         SYMBOL        L?0034
  C:4636H         SYMBOL        L?0035
  C:4637H         SYMBOL        L?0036
  C:463AH         SYMBOL        L?0037
  C:4649H         SYMBOL        L?0038
  C:4658H         SYMBOL        L?0039
  C:4667H         SYMBOL        L?0040
  C:4667H         SYMBOL        L?0041
  C:4674H         SYMBOL        L?0042
  C:4680H         SYMBOL        L?0043
  -------         PROC          COM001D
  -------         ENDPROC       COM001D
  -------         PROC          _COUNT_TIME_1MS
  D:0007H         SYMBOL        clear
  -------         DO            
  X:030BH         SYMBOL        buff
  -------         ENDDO         
  C:5118H         LINE#         5
  C:5118H         LINE#         6
  C:5118H         LINE#         8
  C:5125H         LINE#         10
  C:513AH         LINE#         11
  C:513DH         LINE#         12
  C:513DH         LINE#         13
  C:513FH         LINE#         14
  -------         ENDPROC       _COUNT_TIME_1MS
  -------         PROC          _COUNT_TIME_100MS
  D:0007H         SYMBOL        clear
  -------         DO            
  X:030FH         SYMBOL        buff
  -------         ENDDO         
  C:5140H         LINE#         16
  C:5140H         LINE#         17
  C:5140H         LINE#         19
  C:514DH         LINE#         21
  C:5162H         LINE#         22
  C:5165H         LINE#         23
  C:5165H         LINE#         24
  C:5167H         LINE#         25
  -------         ENDPROC       _COUNT_TIME_100MS
  -------         PROC          _DELAY_MS
  X:0256H         SYMBOL        ms
  -------         DO            
  X:0313H         SYMBOL        temp
  -------         ENDDO         
  C:509BH         LINE#         30
  C:50A1H         LINE#         31
  C:50A1H         LINE#         33
  C:50ABH         LINE#         34
  C:50C4H         LINE#         35
  -------         ENDPROC       _DELAY_MS
  -------         PROC          TIMER1_INIT
  C:549EH         LINE#         37
BL51 BANKED LINKER/LOCATER V6.22                                                      10/11/2024  17:50:16  PAGE 18


  C:549EH         LINE#         38
  C:549EH         LINE#         39
  C:54A1H         LINE#         40
  C:54A4H         LINE#         41
  C:54A7H         LINE#         42
  C:54AAH         LINE#         43
  C:54ACH         LINE#         44
  C:54AEH         LINE#         45
  C:54B0H         LINE#         46
  -------         ENDPROC       TIMER1_INIT
  -------         PROC          TM1_ISR
  C:32C0H         LINE#         48
  C:32DDH         LINE#         50
  C:32E6H         LINE#         52
  C:32EFH         LINE#         53
  C:32F2H         LINE#         54
  C:32F7H         LINE#         55
  C:32F7H         LINE#         57
  C:3309H         LINE#         58
  C:3310H         LINE#         59
  C:331BH         LINE#         60
  C:3325H         LINE#         61
  C:3327H         LINE#         62
  C:3330H         LINE#         63
  C:3330H         LINE#         65
  C:3339H         LINE#         66
  C:3345H         LINE#         68
  C:3351H         LINE#         69
  C:3358H         LINE#         70
  C:335AH         LINE#         71
  C:3364H         LINE#         72
  C:3366H         LINE#         73
  C:3371H         LINE#         74
  C:3373H         LINE#         75
  C:3386H         LINE#         76
  C:3388H         LINE#         77
  C:33A9H         LINE#         78
  C:33CBH         LINE#         79
  C:33D9H         LINE#         80
  C:33E3H         LINE#         81
  C:33E3H         LINE#         82
  C:33E3H         LINE#         83
  -------         ENDPROC       TM1_ISR
  -------         ENDMOD        TIMER

  -------         MODULE        UART
  C:0000H         SYMBOL        _ICE_DUMMY_
  D:0093H         PUBLIC        P0M1
  D:0080H         PUBLIC        P0
  D:0090H         PUBLIC        P1
  C:397EH         PUBLIC        Uart3Isr
  D:00A0H         PUBLIC        P2
  D:00B0H         PUBLIC        P3
  D:00C0H         PUBLIC        P4
  D:00C8H         PUBLIC        P5
  D:00E8H         PUBLIC        P6
  D:00F8H         PUBLIC        P7
BL51 BANKED LINKER/LOCATER V6.22                                                      10/11/2024  17:50:16  PAGE 19


  D:00BAH         PUBLIC        P_SW2
  D:00A8H         PUBLIC        IE
  D:00B8H         PUBLIC        IP
  D:00D8H         PUBLIC        CCON
  D:0098H         PUBLIC        SCON
  D:0088H         PUBLIC        TCON
  D:00AFH         PUBLIC        IE2
  D:00D4H         PUBLIC        T3H
  X:031CH         PUBLIC        Uart_LCD
  D:00D5H         PUBLIC        T3L
  D:00D1H         PUBLIC        T4T3M
  C:551EH         PUBLIC        _Uart3Send
  C:0086H         PUBLIC        _UartSend_LCD
  D:00ADH         PUBLIC        S3BUF
  D:00ACH         PUBLIC        S3CON
  C:5227H         PUBLIC        Uart3Init
  D:00D0H         PUBLIC        PSW
  D:0094H         PUBLIC        P0M0
  -------         PROC          UART3INIT
  C:5227H         LINE#         5
  C:5227H         LINE#         6
  C:5227H         LINE#         7
  C:522AH         LINE#         8
  C:522DH         LINE#         9
  C:5230H         LINE#         11
  C:5233H         LINE#         12
  C:5236H         LINE#         13
  C:5239H         LINE#         14
  C:523CH         LINE#         15
  C:5241H         LINE#         16
  C:5247H         LINE#         17
  C:524AH         LINE#         18
  -------         ENDPROC       UART3INIT
  -------         PROC          _UARTSEND_LCD
  D:0007H         SYMBOL        dat
  C:0086H         LINE#         20
  C:0086H         LINE#         21
  C:0086H         LINE#         22
  -------         ENDPROC       _UARTSEND_LCD
  -------         PROC          _UART3SEND
  D:0007H         SYMBOL        dat
  C:551EH         LINE#         25
  C:551EH         LINE#         26
  C:551EH         LINE#         27
  C:5524H         LINE#         28
  C:552AH         LINE#         29
  C:552CH         LINE#         30
  -------         ENDPROC       _UART3SEND
  -------         PROC          UART3ISR
  -------         DO            
  X:031BH         SYMBOL        flag
  D:0007H         SYMBOL        dat
  -------         ENDDO         
  C:397EH         LINE#         32
  C:398DH         LINE#         36
  C:3992H         LINE#         37
  C:3995H         LINE#         38
BL51 BANKED LINKER/LOCATER V6.22                                                      10/11/2024  17:50:16  PAGE 20


  C:399AH         LINE#         39
  C:399AH         LINE#         40
  C:39A2H         LINE#         41
  C:39A5H         LINE#         42
  C:39A7H         LINE#         43
  C:39E0H         LINE#         44
  C:39EBH         LINE#         45
  C:39EBH         LINE#         46
  C:39F3H         LINE#         47
  C:39FBH         LINE#         48
  C:3A04H         LINE#         49
  C:3A09H         LINE#         50
  C:3A13H         LINE#         51
  C:3A1DH         LINE#         52
  C:3A27H         LINE#         53
  C:3A3CH         LINE#         54
  C:3A3CH         LINE#         55
  C:3A3FH         LINE#         56
  C:3A44H         LINE#         57
  C:3A4CH         LINE#         58
  C:3A57H         LINE#         59
  C:3A57H         LINE#         60
  C:3A57H         LINE#         61
  -------         ENDPROC       UART3ISR
  -------         ENDMOD        UART

  -------         MODULE        24CXX
  C:0000H         SYMBOL        _ICE_DUMMY_
  D:0080H         PUBLIC        P0
  D:0090H         PUBLIC        P1
  D:00A0H         PUBLIC        P2
  D:00B0H         PUBLIC        P3
  D:00C0H         PUBLIC        P4
  D:00C8H         PUBLIC        P5
  D:00E8H         PUBLIC        P6
  D:00F8H         PUBLIC        P7
  C:51DDH         PUBLIC        _AT24CXX_ReadOneByte
  D:00A8H         PUBLIC        IE
  B:0090H.4       PUBLIC        IIC_SDA
  C:536DH         PUBLIC        IIC_NAck
  B:0090H.5       PUBLIC        IIC_SCL
  D:00B8H         PUBLIC        IP
  C:5202H         PUBLIC        _AT24CXX_WriteOneByte
  D:00D8H         PUBLIC        CCON
  C:4E79H         PUBLIC        _IIC_Read_Byte
  D:0098H         PUBLIC        SCON
  D:0088H         PUBLIC        TCON
  C:005EH         PUBLIC        _IIC_Send_Byte
  C:5078H         PUBLIC        IIC_Wait_Ack
  C:5352H         PUBLIC        IIC_Ack
  C:5316H         PUBLIC        IIC_Start
  C:52B4H         PUBLIC        IIC_Stop
  D:00D0H         PUBLIC        PSW
  -------         PROC          IIC_START
  C:5316H         LINE#         6
  C:5316H         LINE#         7
  C:5316H         LINE#         9
BL51 BANKED LINKER/LOCATER V6.22                                                      10/11/2024  17:50:16  PAGE 21


  C:5318H         LINE#         10
  C:531AH         LINE#         11
  C:531EH         LINE#         12
  C:5322H         LINE#         13
  C:5326H         LINE#         14
  C:5328H         LINE#         15
  C:532CH         LINE#         16
  C:5330H         LINE#         17
  C:5334H         LINE#         19
  -------         ENDPROC       IIC_START
  -------         PROC          IIC_STOP
  C:52B4H         LINE#         22
  C:52B4H         LINE#         23
  C:52B4H         LINE#         25
  C:52B6H         LINE#         26
  C:52B8H         LINE#         27
  C:52BCH         LINE#         28
  C:52C0H         LINE#         29
  C:52C4H         LINE#         30
  C:52C6H         LINE#         31
  C:52C8H         LINE#         32
  C:52CCH         LINE#         33
  C:52D0H         LINE#         34
  C:52D4H         LINE#         35
  -------         ENDPROC       IIC_STOP
  -------         PROC          L?0027
  -------         ENDPROC       L?0027
  -------         PROC          _IIC_SEND_BYTE
  D:0007H         SYMBOL        txd
  -------         DO            
  D:0006H         SYMBOL        t
  -------         ENDDO         
  C:005EH         LINE#         41
  C:005EH         LINE#         42
  C:005EH         LINE#         45
  C:0060H         LINE#         46
  C:0062H         LINE#         47
  C:006FH         LINE#         48
  C:0073H         LINE#         49
  C:0076H         LINE#         50
  C:0078H         LINE#         51
  C:007BH         LINE#         52
  C:007DH         LINE#         53
  C:0080H         LINE#         54
  C:0085H         LINE#         55
  -------         ENDPROC       _IIC_SEND_BYTE
  -------         PROC          L?0026
  -------         ENDPROC       L?0026
  -------         PROC          IIC_WAIT_ACK
  -------         DO            
  D:0007H         SYMBOL        ucErrTime
  -------         ENDDO         
  C:5078H         LINE#         60
  C:5078H         LINE#         61
  C:5078H         LINE#         62
  C:507AH         LINE#         64
  C:5080H         LINE#         65
BL51 BANKED LINKER/LOCATER V6.22                                                      10/11/2024  17:50:16  PAGE 22


  C:5086H         LINE#         66
  C:5089H         LINE#         67
  C:508AH         LINE#         68
  C:5090H         LINE#         69
  C:5093H         LINE#         70
  C:5096H         LINE#         71
  C:5096H         LINE#         72
  C:5096H         LINE#         73
  C:5098H         LINE#         74
  C:509AH         LINE#         75
  -------         ENDPROC       IIC_WAIT_ACK
  -------         PROC          _IIC_READ_BYTE
  D:0007H         SYMBOL        ack
  -------         DO            
  D:0006H         SYMBOL        i
  X:0255H         SYMBOL        receive
  -------         ENDDO         
  C:4E79H         LINE#         78
  C:4E79H         LINE#         79
  C:4E79H         LINE#         80
  C:4E7EH         LINE#         82
  C:4E7FH         LINE#         83
  C:4E81H         LINE#         84
  C:4E87H         LINE#         85
  C:4E89H         LINE#         86
  C:4E8DH         LINE#         87
  C:4E95H         LINE#         88
  C:4E9BH         LINE#         89
  C:4EA0H         LINE#         90
  C:4EA5H         LINE#         91
  C:4EA8H         LINE#         92
  C:4EADH         LINE#         94
  C:4EB0H         LINE#         95
  C:4EB5H         LINE#         96
  -------         ENDPROC       _IIC_READ_BYTE
  -------         PROC          IIC_ACK
  C:5352H         LINE#         99
  C:5352H         LINE#         100
  C:5352H         LINE#         101
  C:5354H         LINE#         103
  C:5356H         LINE#         104
  C:5359H         LINE#         105
  C:535CH         LINE#         106
  C:535FH         LINE#         107
  C:5361H         LINE#         108
  C:5364H         LINE#         109
  C:5367H         LINE#         110
  C:536AH         LINE#         111
  C:536CH         LINE#         112
  -------         ENDPROC       IIC_ACK
  -------         PROC          IIC_NACK
  C:536DH         LINE#         115
  C:536DH         LINE#         116
  C:536DH         LINE#         117
  C:536FH         LINE#         119
  C:5371H         LINE#         120
  C:5374H         LINE#         121
BL51 BANKED LINKER/LOCATER V6.22                                                      10/11/2024  17:50:16  PAGE 23


  C:5377H         LINE#         122
  C:537AH         LINE#         123
  C:537CH         LINE#         124
  C:537FH         LINE#         125
  C:5382H         LINE#         126
  C:5385H         LINE#         127
  C:5387H         LINE#         128
  -------         ENDPROC       IIC_NACK
  -------         PROC          _AT24CXX_READONEBYTE
  D:0002H         SYMBOL        ReadAddr
  -------         DO            
  D:0004H         SYMBOL        temp
  -------         ENDDO         
  C:51DDH         LINE#         133
  C:51E1H         LINE#         134
  C:51E1H         LINE#         135
  C:51E3H         LINE#         136
  C:51E6H         LINE#         137
  C:51E6H         LINE#         142
  C:51E9H         LINE#         144
  C:51E9H         LINE#         145
  C:51E9H         LINE#         146
  C:51ECH         LINE#         147
  C:51EFH         LINE#         148
  C:51F4H         LINE#         149
  C:51F7H         LINE#         150
  C:51FEH         LINE#         151
  C:5201H         LINE#         152
  C:5201H         LINE#         153
  -------         ENDPROC       _AT24CXX_READONEBYTE
  -------         PROC          _AT24CXX_WRITEONEBYTE
  D:0002H         SYMBOL        WriteAddr
  D:0004H         SYMBOL        DataToWrite
  C:5202H         LINE#         158
  C:5208H         LINE#         159
  C:5208H         LINE#         160
  C:520BH         LINE#         161
  C:520BH         LINE#         165
  C:520BH         LINE#         166
  C:520EH         LINE#         167
  C:520EH         LINE#         168
  C:520EH         LINE#         169
  C:520EH         LINE#         170
  C:5211H         LINE#         171
  C:5216H         LINE#         172
  C:5219H         LINE#         173
  C:521CH         LINE#         174
  -------         ENDPROC       _AT24CXX_WRITEONEBYTE
  -------         ENDMOD        24CXX

  -------         MODULE        ADC
  C:0000H         SYMBOL        _ICE_DUMMY_
  D:0080H         PUBLIC        P0
  D:0090H         PUBLIC        P1
  D:00A0H         PUBLIC        P2
  D:00B0H         PUBLIC        P3
  D:00C0H         PUBLIC        P4
BL51 BANKED LINKER/LOCATER V6.22                                                      10/11/2024  17:50:16  PAGE 24


  D:00C8H         PUBLIC        P5
  D:00E8H         PUBLIC        P6
  D:00F8H         PUBLIC        P7
  D:00A8H         PUBLIC        IE
  D:00BDH         PUBLIC        ADC_RES
  D:00B8H         PUBLIC        IP
  D:00DEH         PUBLIC        ADCCFG
  D:00D8H         PUBLIC        CCON
  D:00BCH         PUBLIC        ADC_CONTR
  C:4531H         PUBLIC        TEMP_DATA
  D:0098H         PUBLIC        SCON
  D:0088H         PUBLIC        TCON
  C:5580H         PUBLIC        ADC_Init
  D:00BEH         PUBLIC        ADC_RESL
  C:2DB7H         PUBLIC        _get_adc_temp
  C:50EFH         PUBLIC        _get_adc_val
  D:00D0H         PUBLIC        PSW
  C:4A0BH         SYMBOL        Com0017
  C:4A0BH         SYMBOL        L?0024
  C:4A0BH         SYMBOL        L?0025
  C:4A0EH         SYMBOL        L?0026
  C:4A1AH         SYMBOL        L?0027
  C:4A1AH         SYMBOL        L?0028
  C:4A26H         SYMBOL        L?0029
  C:4A26H         SYMBOL        L?0030
  C:4A2EH         SYMBOL        L?0031
  C:4A2EH         SYMBOL        L?0032
  C:4A38H         SYMBOL        L?0033
  C:4A3BH         SYMBOL        L?0034
  C:4A43H         SYMBOL        L?0035
  C:4A51H         SYMBOL        L?0036
  -------         PROC          COM0017
  -------         ENDPROC       COM0017
  -------         PROC          ADC_INIT
  C:5580H         LINE#         9
  C:5580H         LINE#         10
  C:5580H         LINE#         13
  C:5583H         LINE#         14
  C:5586H         LINE#         15
  -------         ENDPROC       ADC_INIT
  -------         PROC          _GET_ADC_TEMP
  D:0007H         SYMBOL        adc
  -------         DO            
  X:0256H         SYMBOL        i
  X:0258H         SYMBOL        temp
  X:025CH         SYMBOL        buff
  X:0260H         SYMBOL        adc_val
  D:0004H         SYMBOL        lg1
  X:0264H         SYMBOL        rval
  C:2F81H         SYMBOL        over_water_temp
  -------         ENDDO         
  C:2DB7H         LINE#         17
  C:2DB7H         LINE#         18
  C:2DB7H         LINE#         21
  C:2DBAH         LINE#         22
  C:2DBCH         LINE#         23
  C:2DBFH         LINE#         24
BL51 BANKED LINKER/LOCATER V6.22                                                      10/11/2024  17:50:16  PAGE 25


  C:2DC1H         LINE#         25
  C:2DC6H         LINE#         26
  C:2DC8H         LINE#         27
  C:2DCDH         LINE#         28
  C:2DCDH         LINE#         30
  C:2DD3H         LINE#         33
  C:2DE5H         LINE#         36
  C:2DF7H         LINE#         37
  C:2E01H         LINE#         38
  C:2E04H         LINE#         39
  C:2E14H         LINE#         40
  C:2E1EH         LINE#         41
  C:2E21H         LINE#         42
  C:2E21H         LINE#         44
  C:2E35H         LINE#         45
  C:2E4CH         LINE#         50
  C:2E5FH         LINE#         51
  C:2E69H         LINE#         52
  C:2E6CH         LINE#         53
  C:2E6CH         LINE#         55
  C:2E81H         LINE#         56
  C:2E8BH         LINE#         57
  C:2E8EH         LINE#         58
  C:2E8EH         LINE#         60
  C:2EA1H         LINE#         61
  C:2EB7H         LINE#         62
  C:2EC8H         LINE#         63
  C:2EC8H         LINE#         64
  C:2ED8H         LINE#         66
  C:2F81H         LINE#         67
  C:2F81H         LINE#         68
  C:2F82H         LINE#         69
  C:2F88H         LINE#         70
  -------         ENDPROC       _GET_ADC_TEMP
  -------         PROC          _GET_ADC_VAL
  D:0007H         SYMBOL        adc
  -------         DO            
  X:0255H         SYMBOL        buff
  D:0004H         SYMBOL        adc_val
  -------         ENDDO         
  C:50EFH         LINE#         72
  C:50EFH         LINE#         73
  C:50EFH         LINE#         75
  C:50F2H         LINE#         76
  C:50F4H         LINE#         77
  C:50F7H         LINE#         78
  C:50F9H         LINE#         79
  C:50FEH         LINE#         80
  C:5100H         LINE#         81
  C:5105H         LINE#         82
  C:5105H         LINE#         84
  C:510BH         LINE#         87
  C:5117H         LINE#         89
  C:5117H         LINE#         90
  -------         ENDPROC       _GET_ADC_VAL
  -------         ENDMOD        ADC

BL51 BANKED LINKER/LOCATER V6.22                                                      10/11/2024  17:50:16  PAGE 26


  -------         MODULE        MAIN_INTERFACE
  C:0000H         SYMBOL        _ICE_DUMMY_
  D:0080H         PUBLIC        P0
  D:0090H         PUBLIC        P1
  D:00A0H         PUBLIC        P2
  D:00B0H         PUBLIC        P3
  D:00C0H         PUBLIC        P4
  D:00C8H         PUBLIC        P5
  D:00E8H         PUBLIC        P6
  D:00F8H         PUBLIC        P7
  D:00A8H         PUBLIC        IE
  D:00B8H         PUBLIC        IP
  D:00D8H         PUBLIC        CCON
  D:0098H         PUBLIC        SCON
  D:0088H         PUBLIC        TCON
  C:4B02H         PUBLIC        jump_interface
  D:00D0H         PUBLIC        PSW
  -------         PROC          JUMP_INTERFACE
  C:4B02H         LINE#         3
  C:4B02H         LINE#         4
  C:4B02H         LINE#         5
  C:4B02H         LINE#         6
  C:4B07H         LINE#         7
  C:4B2FH         LINE#         8
  C:4B2FH         LINE#         9
  C:4B32H         LINE#         10
  C:4B34H         LINE#         11
  C:4B34H         LINE#         12
  C:4B37H         LINE#         13
  C:4B39H         LINE#         14
  C:4B39H         LINE#         15
  C:4B3CH         LINE#         16
  C:4B3EH         LINE#         17
  C:4B3EH         LINE#         18
  C:4B41H         LINE#         19
  C:4B43H         LINE#         20
  C:4B43H         LINE#         21
  C:4B46H         LINE#         22
  C:4B48H         LINE#         23
  C:4B48H         LINE#         24
  C:4B4BH         LINE#         25
  C:4B4DH         LINE#         26
  C:4B4DH         LINE#         27
  C:4B50H         LINE#         28
  -------         ENDPROC       JUMP_INTERFACE
  -------         ENDMOD        MAIN_INTERFACE

  -------         MODULE        XS_WAITING
  C:0000H         SYMBOL        _ICE_DUMMY_
  D:0080H         PUBLIC        P0
  D:0090H         PUBLIC        P1
  D:00A0H         PUBLIC        P2
  D:00B0H         PUBLIC        P3
  D:00C0H         PUBLIC        P4
  D:00C8H         PUBLIC        P5
  D:00E8H         PUBLIC        P6
  D:00F8H         PUBLIC        P7
BL51 BANKED LINKER/LOCATER V6.22                                                      10/11/2024  17:50:16  PAGE 27


  D:00A8H         PUBLIC        IE
  D:00B8H         PUBLIC        IP
  C:4EEBH         PUBLIC        MAIN_WAITING
  D:00D8H         PUBLIC        CCON
  D:0098H         PUBLIC        SCON
  D:0088H         PUBLIC        TCON
  B:00A0H.5       PUBLIC        P25
  B:00C8H.4       PUBLIC        P54
  C:1F6BH         PUBLIC        main_xs_waiting
  C:4EEAH         PUBLIC        MAIN_KEY_WAITING
  D:00D0H         PUBLIC        PSW
  C:44B7H         SYMBOL        Com002C
  C:44B7H         SYMBOL        L?0045
  C:44B7H         SYMBOL        L?0046
  C:44DEH         SYMBOL        L?0047
  C:44E6H         SYMBOL        L?0048
  C:44EDH         SYMBOL        L?0049
  C:44F2H         SYMBOL        L?0050
  C:44F9H         SYMBOL        L?0051
  C:4513H         SYMBOL        L?0052
  C:4514H         SYMBOL        L?0053
  C:451CH         SYMBOL        L?0054
  C:451CH         SYMBOL        L?0055
  C:4525H         SYMBOL        L?0057
  -------         PROC          COM002C
  -------         ENDPROC       COM002C
  C:21EBH         SYMBOL        L?0056
  C:21F5H         SYMBOL        L?0058
  -------         PROC          MAIN_XS_WAITING
  -------         DO            
  X:0335H         SYMBOL        flag
  D:0007H         SYMBOL        key
  X:0244H         SYMBOL        i
  X:0245H         SYMBOL        stop_beng_count
  X:0249H         SYMBOL        temp
  C:21E2H         SYMBOL        over_main_xs_waiting
  -------         DO            
  X:024DH         SYMBOL        x
  X:024FH         SYMBOL        y
  X:0251H         SYMBOL        buff
  X:0253H         SYMBOL        j
  -------         ENDDO         
  -------         ENDDO         
  C:1F6BH         LINE#         9
  C:1F6BH         LINE#         10
  C:1F6BH         LINE#         15
  C:1F70H         LINE#         17
  C:1F79H         LINE#         19
  C:1F81H         LINE#         20
  C:1F89H         LINE#         21
  C:1F8EH         LINE#         22
  C:1F94H         LINE#         23
  C:1FB3H         LINE#         24
  C:1FB6H         LINE#         25
  C:1FB9H         LINE#         27
  C:1FC7H         LINE#         28
  C:1FCCH         LINE#         29
BL51 BANKED LINKER/LOCATER V6.22                                                      10/11/2024  17:50:16  PAGE 28


  C:1FCFH         LINE#         30
  C:1FE3H         LINE#         31
  C:2036H         LINE#         32
  C:2042H         LINE#         33
  C:2045H         LINE#         34
  C:2047H         LINE#         35
  C:2047H         LINE#         36
  C:204AH         LINE#         37
  C:2055H         LINE#         38
  C:2057H         LINE#         39
  C:2057H         LINE#         40
  C:205AH         LINE#         41
  C:207BH         LINE#         42
  C:208EH         LINE#         43
  C:20A1H         LINE#         44
  C:20B4H         LINE#         45
  C:20C6H         LINE#         46
  C:20D8H         LINE#         47
  C:20F4H         LINE#         48
  C:20FFH         LINE#         49
  C:2159H         LINE#         50
  C:215EH         LINE#         51
  C:215EH         LINE#         52
  C:2161H         LINE#         53
  C:2166H         LINE#         54
  C:2169H         LINE#         55
  C:216FH         LINE#         56
  C:216FH         LINE#         58
  C:2179H         LINE#         59
  C:2179H         LINE#         60
  C:217EH         LINE#         61
  C:2184H         LINE#         62
  C:2187H         LINE#         63
  C:2196H         LINE#         64
  C:219AH         LINE#         65
  C:219AH         LINE#         66
  C:219DH         LINE#         67
  C:21A3H         LINE#         68
  C:21A5H         LINE#         70
  C:21A5H         LINE#         71
  C:21AAH         LINE#         72
  C:21AAH         LINE#         73
  C:21E0H         LINE#         74
  C:21E2H         LINE#         75
  C:21E2H         LINE#         76
  C:21E8H         LINE#         77
  C:21EAH         LINE#         78
  -------         ENDPROC       MAIN_XS_WAITING
  -------         ENDMOD        XS_WAITING

  -------         MODULE        XS_ADVANCED_SETTINGS
  C:0000H         SYMBOL        _ICE_DUMMY_
  D:0080H         PUBLIC        P0
  D:0090H         PUBLIC        P1
  D:00A0H         PUBLIC        P2
  D:00B0H         PUBLIC        P3
  D:00C0H         PUBLIC        P4
BL51 BANKED LINKER/LOCATER V6.22                                                      10/11/2024  17:50:16  PAGE 29


  D:00C8H         PUBLIC        P5
  D:00E8H         PUBLIC        P6
  D:00F8H         PUBLIC        P7
  D:00A8H         PUBLIC        IE
  D:00B8H         PUBLIC        IP
  C:3531H         PUBLIC        _comparison_password
  X:01D3H         PUBLIC        MAIN_KEY_ADIN1
  D:00D8H         PUBLIC        CCON
  D:0098H         PUBLIC        SCON
  D:0088H         PUBLIC        TCON
  B:00A0H.5       PUBLIC        P25
  C:3C98H         PUBLIC        _dis_adv_password
  X:01D4H         PUBLIC        MAIN_ADIN1
  C:313AH         PUBLIC        main_xs_advanced_settings
  D:00D0H         PUBLIC        PSW
  C:47CDH         SYMBOL        Com0041
  C:47CDH         SYMBOL        L?0066
  C:47CDH         SYMBOL        L?0067
  C:47D8H         SYMBOL        L?0068
  C:47E0H         SYMBOL        L?0069
  C:47E0H         SYMBOL        L?0070
  C:47E9H         SYMBOL        L?0071
  C:47F9H         SYMBOL        L?0072
  C:47F9H         SYMBOL        L?0073
  C:4802H         SYMBOL        L?0074
  C:4805H         SYMBOL        L?0075
  C:480EH         SYMBOL        L?0076
  C:480EH         SYMBOL        L?0077
  C:4814H         SYMBOL        L?0078
  C:4814H         SYMBOL        L?0079
  C:481AH         SYMBOL        L?0080
  C:481AH         SYMBOL        L?0081
  C:4820H         SYMBOL        L?0082
  C:4820H         SYMBOL        L?0083
  C:4826H         SYMBOL        L?0084
  C:4826H         SYMBOL        L?0085
  C:482CH         SYMBOL        L?0086
  C:482DH         SYMBOL        L?0087
  -------         PROC          COM0041
  -------         ENDPROC       COM0041
  -------         PROC          MAIN_XS_ADVANCED_SETTINGS
  -------         DO            
  D:0007H         SYMBOL        key
  X:0244H         SYMBOL        wei
  X:0245H         SYMBOL        adv_psw
  C:32B9H         SYMBOL        over_main_xs_advanced_settings
  -------         ENDDO         
  C:313AH         LINE#         26
  C:313AH         LINE#         27
  C:313AH         LINE#         29
  C:313FH         LINE#         30
  C:313FH         LINE#         31
  C:313FH         LINE#         32
  C:313FH         LINE#         33
  C:313FH         LINE#         34
  C:313FH         LINE#         35
  C:3142H         LINE#         36
BL51 BANKED LINKER/LOCATER V6.22                                                      10/11/2024  17:50:16  PAGE 30


  C:3146H         LINE#         38
  C:316EH         LINE#         40
  C:316EH         LINE#         41
  C:3174H         LINE#         42
  C:3177H         LINE#         43
  C:3185H         LINE#         44
  C:31C7H         LINE#         45
  C:31D7H         LINE#         46
  C:31E7H         LINE#         47
  C:31F7H         LINE#         48
  C:3207H         LINE#         49
  C:3217H         LINE#         50
  C:3227H         LINE#         51
  C:3236H         LINE#         52
  C:3242H         LINE#         53
  C:324EH         LINE#         54
  C:3260H         LINE#         55
  C:3260H         LINE#         56
  C:3263H         LINE#         57
  C:3263H         LINE#         58
  C:3263H         LINE#         59
  C:3263H         LINE#         60
  C:3263H         LINE#         61
  C:3263H         LINE#         62
  C:3266H         LINE#         63
  C:326AH         LINE#         64
  C:326AH         LINE#         65
  C:326CH         LINE#         66
  C:326CH         LINE#         67
  C:326FH         LINE#         68
  C:3277H         LINE#         69
  C:3279H         LINE#         70
  C:3279H         LINE#         71
  C:327CH         LINE#         72
  C:3288H         LINE#         73
  C:3294H         LINE#         74
  C:329CH         LINE#         75
  C:329EH         LINE#         76
  C:329EH         LINE#         77
  C:32A1H         LINE#         78
  C:32AFH         LINE#         79
  C:32B1H         LINE#         80
  C:32B1H         LINE#         81
  C:32B6H         LINE#         82
  C:32B6H         LINE#         83
  C:32B9H         LINE#         84
  C:32B9H         LINE#         85
  C:32BFH         LINE#         86
  -------         ENDPROC       MAIN_XS_ADVANCED_SETTINGS
  -------         PROC          _DIS_ADV_PASSWORD
  X:024FH         SYMBOL        wei
  -------         DO            
  X:0250H         SYMBOL        x
  X:0252H         SYMBOL        y
  X:0254H         SYMBOL        add
  X:0255H         SYMBOL        i
  -------         ENDDO         
BL51 BANKED LINKER/LOCATER V6.22                                                      10/11/2024  17:50:16  PAGE 31


  C:3C98H         LINE#         88
  C:3C9DH         LINE#         89
  C:3C9DH         LINE#         92
  C:3CA3H         LINE#         93
  C:3CA9H         LINE#         94
  C:3CADH         LINE#         95
  C:3CD3H         LINE#         97
  C:3CE3H         LINE#         98
  C:3CF5H         LINE#         99
  C:3D2EH         LINE#         100
  C:3D41H         LINE#         101
  C:3D49H         LINE#         102
  C:3D49H         LINE#         103
  -------         ENDPROC       _DIS_ADV_PASSWORD
  -------         PROC          _COMPARISON_PASSWORD
  X:024BH         SYMBOL        wei
  X:024CH         SYMBOL        buf
  C:3531H         LINE#         106
  C:3541H         LINE#         107
  C:3541H         LINE#         108
  C:3548H         LINE#         109
  C:3576H         LINE#         110
  C:3588H         LINE#         111
  C:3588H         LINE#         112
  C:358AH         LINE#         113
  C:358AH         LINE#         114
  C:35ADH         LINE#         115
  C:35B2H         LINE#         116
  C:35B5H         LINE#         117
  C:35B5H         LINE#         118
  C:35DDH         LINE#         119
  C:35E6H         LINE#         120
  C:35EBH         LINE#         121
  C:35EDH         LINE#         122
  C:35EDH         LINE#         123
  C:3612H         LINE#         124
  C:3618H         LINE#         125
  C:361BH         LINE#         126
  C:361BH         LINE#         131
  C:361BH         LINE#         132
  C:361BH         LINE#         133
  C:361BH         LINE#         134
  C:361BH         LINE#         135
  C:361BH         LINE#         136
  C:361BH         LINE#         137
  C:361BH         LINE#         138
  C:361BH         LINE#         139
  C:361DH         LINE#         140
  C:3624H         LINE#         141
  C:362EH         LINE#         142
  C:3635H         LINE#         143
  C:363CH         LINE#         144
  C:3643H         LINE#         145
  C:364AH         LINE#         146
  C:364FH         LINE#         147
  C:3653H         LINE#         148
  C:3653H         LINE#         149
BL51 BANKED LINKER/LOCATER V6.22                                                      10/11/2024  17:50:16  PAGE 32


  C:3655H         LINE#         150
  -------         ENDPROC       _COMPARISON_PASSWORD
  -------         ENDMOD        XS_ADVANCED_SETTINGS

  -------         MODULE        XS_SW_WORK
  C:0000H         SYMBOL        _ICE_DUMMY_
  D:0080H         PUBLIC        P0
  D:0090H         PUBLIC        P1
  D:00A0H         PUBLIC        P2
  D:00B0H         PUBLIC        P3
  D:00C0H         PUBLIC        P4
  D:00C8H         PUBLIC        P5
  D:00E8H         PUBLIC        P6
  D:00F8H         PUBLIC        P7
  D:00A8H         PUBLIC        IE
  D:00B8H         PUBLIC        IP
  X:011AH         PUBLIC        MAIN_KEY_SW_WORK
  D:00D8H         PUBLIC        CCON
  B:00A0H.0       PUBLIC        P20
  D:0098H         PUBLIC        SCON
  B:0090H.3       PUBLIC        P13
  D:0088H         PUBLIC        TCON
  B:00A0H.5       PUBLIC        P25
  B:00A0H.6       PUBLIC        P26
  B:00B0H.7       PUBLIC        P37
  X:011BH         PUBLIC        MAIN_SW_WORK
  C:008EH         PUBLIC        main_xs_sw_work
  D:00D0H         PUBLIC        PSW
  C:3656H         SYMBOL        Com00B3
  C:3656H         SYMBOL        L?0180
  C:3656H         SYMBOL        L?0181
  C:3668H         SYMBOL        L?0183
  C:3668H         SYMBOL        L?0184
  C:3673H         SYMBOL        L?0185
  C:367AH         SYMBOL        L?0187
  C:367AH         SYMBOL        L?0188
  C:3683H         SYMBOL        L?0189
  C:3683H         SYMBOL        L?0190
  C:368EH         SYMBOL        L?0191
  C:3695H         SYMBOL        L?0192
  C:369AH         SYMBOL        L?0193
  C:369CH         SYMBOL        L?0194
  C:36A2H         SYMBOL        L?0195
  C:36A3H         SYMBOL        L?0196
  C:36AAH         SYMBOL        L?0198
  C:36AFH         SYMBOL        L?0199
  C:36B5H         SYMBOL        L?0200
  C:36B7H         SYMBOL        L?0201
  C:36BEH         SYMBOL        L?0203
  C:36CDH         SYMBOL        L?0204
  C:36D4H         SYMBOL        L?0207
  C:36D4H         SYMBOL        L?0208
  C:36E3H         SYMBOL        L?0210
  C:36EDH         SYMBOL        L?0211
  C:36F4H         SYMBOL        L?0216
  C:36FAH         SYMBOL        L?0217
  C:3701H         SYMBOL        L?0218
BL51 BANKED LINKER/LOCATER V6.22                                                      10/11/2024  17:50:16  PAGE 33


  C:3708H         SYMBOL        L?0219
  C:370FH         SYMBOL        L?0220
  C:370FH         SYMBOL        L?0221
  C:3718H         SYMBOL        L?0222
  C:3718H         SYMBOL        L?0223
  C:3722H         SYMBOL        L?0224
  C:3722H         SYMBOL        L?0225
  C:372CH         SYMBOL        L?0228
  C:372CH         SYMBOL        L?0229
  C:3735H         SYMBOL        L?0231
  C:3742H         SYMBOL        L?0232
  C:3742H         SYMBOL        L?0233
  C:3749H         SYMBOL        L?0234
  C:3749H         SYMBOL        L?0235
  C:3750H         SYMBOL        L?0237
  C:375BH         SYMBOL        L?0238
  C:3766H         SYMBOL        L?0239
  C:3770H         SYMBOL        L?0240
  C:3770H         SYMBOL        L?0241
  -------         PROC          COM00B3
  -------         ENDPROC       COM00B3
  C:0A88H         SYMBOL        L?0176
  C:0A9FH         SYMBOL        L?0177
  C:0AB6H         SYMBOL        L?0178
  C:0ACCH         SYMBOL        L?0182
  C:0ADFH         SYMBOL        L?0186
  C:0AF5H         SYMBOL        L?0197
  C:0B0BH         SYMBOL        L?0202
  C:0B22H         SYMBOL        L?0205
  C:0B33H         SYMBOL        L?0206
  C:0B49H         SYMBOL        L?0209
  C:0B5AH         SYMBOL        L?0212
  C:0B66H         SYMBOL        L?0213
  C:0B7DH         SYMBOL        L?0214
  C:0B89H         SYMBOL        L?0215
  C:0B99H         SYMBOL        L?0226
  C:0BA1H         SYMBOL        L?0227
[...]
  -------         PROC          READ_JTKEY
  C:558EH         LINE#         6
  C:558EH         LINE#         7
  C:558EH         LINE#         8
  C:5593H         LINE#         9
  -------         ENDPROC       READ_JTKEY
BL51 BANKED LINKER/LOCATER V6.22                                                      10/11/2024  17:50:16  PAGE 79


  -------         PROC          READ_INSERTION
  C:5594H         LINE#         11
  C:5594H         LINE#         12
  C:5594H         LINE#         13
  C:5599H         LINE#         14
  -------         ENDPROC       READ_INSERTION
  -------         PROC          READ_START_INSERTION
  C:004FH         LINE#         16
  C:004FH         LINE#         17
  C:004FH         LINE#         18
  C:0052H         LINE#         47
  -------         ENDPROC       READ_START_INSERTION
  -------         PROC          READ_START_JTKEY
  -------         DO            
  X:0332H         SYMBOL        record_time
  -------         ENDDO         
  C:43B6H         LINE#         49
  C:43B6H         LINE#         50
  C:43B6H         LINE#         52
  C:43C4H         LINE#         53
  C:43C4H         LINE#         54
  C:43CAH         LINE#         55
  C:43DBH         LINE#         56
  C:43DFH         LINE#         57
  C:43DFH         LINE#         58
  C:43E1H         LINE#         59
  C:43E1H         LINE#         60
  C:4412H         LINE#         61
  C:4418H         LINE#         62
  C:441EH         LINE#         63
  C:4420H         LINE#         67
  C:4426H         LINE#         68
  C:4426H         LINE#         69
  C:4428H         LINE#         70
  C:4428H         LINE#         71
  C:442EH         LINE#         72
  C:4430H         LINE#         73
  C:4430H         LINE#         74
  C:4435H         LINE#         75
  C:4435H         LINE#         76
  C:4435H         LINE#         77
  C:4435H         LINE#         78
  C:4437H         LINE#         79
  -------         ENDPROC       READ_START_JTKEY
  -------         ENDMOD        KEY

  -------         MODULE        DIS_SW_WORK
  C:0000H         SYMBOL        _ICE_DUMMY_
  D:0080H         PUBLIC        P0
  D:0090H         PUBLIC        P1
  D:00A0H         PUBLIC        P2
  D:00B0H         PUBLIC        P3
  D:00C0H         PUBLIC        P4
  D:00C8H         PUBLIC        P5
  D:00E8H         PUBLIC        P6
  D:00F8H         PUBLIC        P7
  D:00A8H         PUBLIC        IE
BL51 BANKED LINKER/LOCATER V6.22                                                      10/11/2024  17:50:16  PAGE 80


  C:001EH         PUBLIC        _dis_sw_work_preload_time
  D:00B8H         PUBLIC        IP
  C:49B4H         PUBLIC        _dis_sw_work_handle_temp
  D:00D8H         PUBLIC        CCON
  D:0098H         PUBLIC        SCON
  D:0088H         PUBLIC        TCON
  C:3777H         PUBLIC        _dis_sw_work_power
  C:3BE4H         PUBLIC        _dis_sw_work_time
  C:4FE1H         PUBLIC        _dis_sw_work_total_time
  C:4DFDH         PUBLIC        dis_sw_work_body_parts
  C:5044H         PUBLIC        _dis_sw_work_frequency
  C:4B52H         PUBLIC        _dis_sw_work_ll_value
  D:00D0H         PUBLIC        PSW
  C:417CH         SYMBOL        Com001F
  C:417CH         SYMBOL        L?0032
  C:417EH         SYMBOL        L?0033
  C:4188H         SYMBOL        L?0034
  C:4194H         SYMBOL        L?0035
  C:41A7H         SYMBOL        L?0036
  C:41AEH         SYMBOL        L?0037
  C:41AEH         SYMBOL        L?0038
  C:41B0H         SYMBOL        L?0039
  C:41B8H         SYMBOL        L?0040
  C:41C5H         SYMBOL        L?0041
  C:41C6H         SYMBOL        L?0042
  C:41CDH         SYMBOL        L?0043
  C:41CDH         SYMBOL        L?0044
  C:41D8H         SYMBOL        L?0045
  C:41DBH         SYMBOL        L?0046
  C:41E4H         SYMBOL        L?0047
  C:41EAH         SYMBOL        L?0048
  C:41F0H         SYMBOL        L?0049
  C:41FDH         SYMBOL        L?0050
  C:41FDH         SYMBOL        L?0051
  C:4204H         SYMBOL        L?0052
  -------         PROC          COM001F
  -------         ENDPROC       COM001F
  -------         PROC          DIS_SW_WORK_BODY_PARTS
  C:4DFDH         LINE#         5
  C:4DFDH         LINE#         6
  C:4DFDH         LINE#         7
  C:4E24H         LINE#         8
  C:4E27H         LINE#         9
  C:4E2CH         LINE#         10
  C:4E31H         LINE#         11
  C:4E36H         LINE#         12
  -------         ENDPROC       DIS_SW_WORK_BODY_PARTS
  -------         PROC          _DIS_SW_WORK_POWER
  D:0006H         SYMBOL        dis
  -------         DO            
  X:02FAH         SYMBOL        buff
  X:0252H         SYMBOL        temp
  D:0005H         SYMBOL        pic
  -------         ENDDO         
  C:3777H         LINE#         15
  C:3779H         LINE#         16
  C:3779H         LINE#         19
BL51 BANKED LINKER/LOCATER V6.22                                                      10/11/2024  17:50:16  PAGE 81


  C:3781H         LINE#         20
  C:3786H         LINE#         21
  C:37A1H         LINE#         22
  C:37AAH         LINE#         23
  C:37B3H         LINE#         24
  C:37BCH         LINE#         25
  C:37C5H         LINE#         26
  C:37CEH         LINE#         27
  C:37D7H         LINE#         28
  C:37D7H         LINE#         29
  C:37D7H         LINE#         30
  C:380DH         LINE#         31
  C:3815H         LINE#         32
  C:381DH         LINE#         33
  C:3825H         LINE#         34
  C:382DH         LINE#         35
  C:3835H         LINE#         36
  C:383DH         LINE#         37
  C:3845H         LINE#         38
  C:384DH         LINE#         39
  C:3855H         LINE#         40
  C:385BH         LINE#         41
  C:385BH         LINE#         42
  C:385BH         LINE#         43
  C:387DH         LINE#         44
  C:3885H         LINE#         45
  -------         ENDPROC       _DIS_SW_WORK_POWER
  -------         PROC          _DIS_SW_WORK_FREQUENCY
  D:0006H         SYMBOL        dis
  -------         DO            
  X:02FBH         SYMBOL        buff
  D:0007H         SYMBOL        pic
  -------         ENDDO         
  C:5044H         LINE#         47
  C:5044H         LINE#         48
  C:5044H         LINE#         51
  C:5047H         LINE#         52
  C:5067H         LINE#         53
  C:506FH         LINE#         54
  -------         ENDPROC       _DIS_SW_WORK_FREQUENCY
  -------         PROC          _DIS_SW_WORK_PRELOAD_TIME
  D:0006H         SYMBOL        dis
  -------         DO            
  X:02FCH         SYMBOL        buff
  D:0007H         SYMBOL        pic
  -------         ENDDO         
  C:001EH         LINE#         56
  C:001EH         LINE#         57
  C:001EH         LINE#         60
  C:0021H         LINE#         61
  C:0046H         LINE#         62
  -------         ENDPROC       _DIS_SW_WORK_PRELOAD_TIME
  -------         PROC          _DIS_SW_WORK_TOTAL_TIME
  D:0006H         SYMBOL        dis
  -------         DO            
  X:0300H         SYMBOL        buff
  D:0007H         SYMBOL        pic
BL51 BANKED LINKER/LOCATER V6.22                                                      10/11/2024  17:50:16  PAGE 82


  -------         ENDDO         
  C:4FE1H         LINE#         65
  C:4FE1H         LINE#         66
  C:4FE1H         LINE#         69
  C:4FE4H         LINE#         70
  C:500CH         LINE#         71
  -------         ENDPROC       _DIS_SW_WORK_TOTAL_TIME
  -------         PROC          _DIS_SW_WORK_LL_VALUE
  D:0006H         SYMBOL        dis
  -------         DO            
  X:0304H         SYMBOL        buff
  D:0007H         SYMBOL        pic
  -------         ENDDO         
  C:4B52H         LINE#         74
  C:4B52H         LINE#         75
  C:4B52H         LINE#         78
  C:4B55H         LINE#         79
  C:4B91H         LINE#         81
  C:4BA0H         LINE#         82
  -------         ENDPROC       _DIS_SW_WORK_LL_VALUE
  -------         PROC          _DIS_SW_WORK_TIME
  X:0252H         SYMBOL        dis
  -------         DO            
  X:0306H         SYMBOL        buff_shi
  X:0307H         SYMBOL        buff_fen
  X:0308H         SYMBOL        buff_miao
  X:0253H         SYMBOL        pic
  X:0254H         SYMBOL        shi
  X:0255H         SYMBOL        fen
  X:0256H         SYMBOL        miao
  X:0257H         SYMBOL        temp
  -------         ENDDO         
  C:3BE4H         LINE#         84
  C:3BE9H         LINE#         85
  C:3BE9H         LINE#         89
  C:3BF3H         LINE#         90
  C:3BFFH         LINE#         91
  C:3C08H         LINE#         92
  C:3C1CH         LINE#         93
  C:3C2DH         LINE#         94
  C:3C7FH         LINE#         95
  C:3C87H         LINE#         96
  C:3C8FH         LINE#         97
  C:3C97H         LINE#         98
  -------         ENDPROC       _DIS_SW_WORK_TIME
  -------         PROC          _DIS_SW_WORK_HANDLE_TEMP
  D:0006H         SYMBOL        dis
  X:0252H         SYMBOL        temp
  -------         DO            
  X:0309H         SYMBOL        buff
  D:0007H         SYMBOL        pic
  -------         ENDDO         
  C:49B4H         LINE#         100
  C:49BCH         LINE#         101
  C:49BCH         LINE#         104
  C:49BFH         LINE#         105
  C:49FBH         LINE#         106
BL51 BANKED LINKER/LOCATER V6.22                                                      10/11/2024  17:50:16  PAGE 83


  C:4A0AH         LINE#         107
  -------         ENDPROC       _DIS_SW_WORK_HANDLE_TEMP
  -------         ENDMOD        DIS_SW_WORK

  -------         MODULE        CUT_SW_WORK
  C:0000H         SYMBOL        _ICE_DUMMY_
  D:0080H         PUBLIC        P0
  D:0090H         PUBLIC        P1
  D:00A0H         PUBLIC        P2
  D:00B0H         PUBLIC        P3
  D:00C0H         PUBLIC        P4
  D:00C8H         PUBLIC        P5
  D:00E8H         PUBLIC        P6
  D:00F8H         PUBLIC        P7
  D:00A8H         PUBLIC        IE
  C:5431H         PUBLIC        cut_sw_work_preset_value_varning
  D:00B8H         PUBLIC        IP
  D:00D8H         PUBLIC        CCON
  C:5335H         PUBLIC        cut_sw_work_handle_temp_high
  D:0098H         PUBLIC        SCON
  D:0088H         PUBLIC        TCON
  C:552DH         PUBLIC        cut_sw_work_flow_warning
  C:54FBH         PUBLIC        cut_sw_work_handle_temp_short
  C:53A2H         PUBLIC        cut_sw_work_handle_temp_open
  C:4BA1H         PUBLIC        cut_sw_work_probe_mode
  C:51B7H         PUBLIC        _cut_sw_work_lock_flag
  C:553AH         PUBLIC        cut_sw_work_handle_insert_warning
  C:5474H         PUBLIC        cut_sw_work_internal_power_varning
  C:4E3BH         PUBLIC        _cut_sw_work_start_stop_flag
  D:00D0H         PUBLIC        PSW
  C:4438H         SYMBOL        Com001B
  C:4438H         SYMBOL        L?0028
  C:4440H         SYMBOL        L?0029
  C:4441H         SYMBOL        L?0030
  C:4448H         SYMBOL        L?0031
  C:4449H         SYMBOL        L?0032
  C:445AH         SYMBOL        L?0033
  C:4472H         SYMBOL        L?0034
  C:4473H         SYMBOL        L?0035
  C:447AH         SYMBOL        L?0036
  C:447AH         SYMBOL        L?0037
  C:4482H         SYMBOL        L?0038
  C:448DH         SYMBOL        L?0039
  C:4498H         SYMBOL        L?0040
  C:44A2H         SYMBOL        L?0041
  C:44A9H         SYMBOL        L?0042
  C:44A9H         SYMBOL        L?0043
  C:44B0H         SYMBOL        L?0044
  -------         PROC          COM001B
  -------         ENDPROC       COM001B
  -------         PROC          _CUT_SW_WORK_LOCK_FLAG
  D:0005H         SYMBOL        flag
  -------         DO            
  X:0252H         SYMBOL        pic
  -------         ENDDO         
  C:51B7H         LINE#         4
  C:51B7H         LINE#         5
BL51 BANKED LINKER/LOCATER V6.22                                                      10/11/2024  17:50:16  PAGE 84


  C:51B7H         LINE#         7
  C:51C1H         LINE#         8
  C:51C4H         LINE#         9
  C:51CCH         LINE#         10
  C:51CEH         LINE#         11
  C:51DCH         LINE#         12
  C:51DCH         LINE#         13
  -------         ENDPROC       _CUT_SW_WORK_LOCK_FLAG
  -------         PROC          _CUT_SW_WORK_START_STOP_FLAG
  D:0005H         SYMBOL        flag
  -------         DO            
  X:0252H         SYMBOL        pic
  -------         ENDDO         
  C:4E3BH         LINE#         16
  C:4E3BH         LINE#         17
  C:4E3BH         LINE#         19
  C:4E45H         LINE#         20
  C:4E48H         LINE#         21
  C:4E5DH         LINE#         22
  C:4E5FH         LINE#         23
  C:4E78H         LINE#         24
  C:4E78H         LINE#         25
  -------         ENDPROC       _CUT_SW_WORK_START_STOP_FLAG
  -------         PROC          CUT_SW_WORK_PROBE_MODE
  -------         DO            
  X:0252H         SYMBOL        pic
  -------         ENDDO         
  C:4BA1H         LINE#         27
  C:4BA1H         LINE#         28
  C:4BA1H         LINE#         30
  C:4BACH         LINE#         31
  C:4BBDH         LINE#         32
  C:4BBFH         LINE#         33
  C:4BBFH         LINE#         34
  C:4BBFH         LINE#         35
  C:4BBFH         LINE#         36
  C:4BEDH         LINE#         37
  C:4BEDH         LINE#         38
  -------         ENDPROC       CUT_SW_WORK_PROBE_MODE
  -------         PROC          CUT_SW_WORK_FLOW_WARNING
  C:552DH         LINE#         40
  C:552DH         LINE#         41
  C:552DH         LINE#         42
  -------         ENDPROC       CUT_SW_WORK_FLOW_WARNING
  -------         PROC          CUT_SW_WORK_HANDLE_TEMP_HIGH
  C:5335H         LINE#         45
  C:5335H         LINE#         46
  C:5335H         LINE#         47
  -------         ENDPROC       CUT_SW_WORK_HANDLE_TEMP_HIGH
  -------         PROC          CUT_SW_WORK_HANDLE_TEMP_SHORT
  C:54FBH         LINE#         50
  C:54FBH         LINE#         51
  C:54FBH         LINE#         52
  -------         ENDPROC       CUT_SW_WORK_HANDLE_TEMP_SHORT
  -------         PROC          CUT_SW_WORK_HANDLE_TEMP_OPEN
  C:53A2H         LINE#         55
  C:53A2H         LINE#         56
BL51 BANKED LINKER/LOCATER V6.22                                                      10/11/2024  17:50:16  PAGE 85


  C:53A2H         LINE#         57
  -------         ENDPROC       CUT_SW_WORK_HANDLE_TEMP_OPEN
  -------         PROC          CUT_SW_WORK_HANDLE_INSERT_WARNING
  C:553AH         LINE#         60
  C:553AH         LINE#         61
  C:553AH         LINE#         62
  -------         ENDPROC       CUT_SW_WORK_HANDLE_INSERT_WARNING
  -------         PROC          CUT_SW_WORK_PRESET_VALUE_VARNING
  C:5431H         LINE#         65
  C:5431H         LINE#         66
  C:5431H         LINE#         67
  -------         ENDPROC       CUT_SW_WORK_PRESET_VALUE_VARNING
  -------         PROC          CUT_SW_WORK_INTERNAL_POWER_VARNING
  C:5474H         LINE#         71
  C:5474H         LINE#         72
  C:5474H         LINE#         73
  -------         ENDPROC       CUT_SW_WORK_INTERNAL_POWER_VARNING
  -------         ENDMOD        CUT_SW_WORK

  -------         MODULE        COUNT_SW_WORK
  C:0000H         SYMBOL        _ICE_DUMMY_
  D:0080H         PUBLIC        P0
  D:0090H         PUBLIC        P1
  D:00A0H         PUBLIC        P2
  D:00B0H         PUBLIC        P3
  D:00C0H         PUBLIC        P4
  D:00C8H         PUBLIC        P5
  D:00E8H         PUBLIC        P6
  D:00F8H         PUBLIC        P7
  D:00A8H         PUBLIC        IE
  D:00B8H         PUBLIC        IP
  D:00D8H         PUBLIC        CCON
  D:0098H         PUBLIC        SCON
  D:0088H         PUBLIC        TCON
  C:526FH         PUBLIC        count_sw_work_max_power
  C:4FA9H         PUBLIC        count_ll_value
  D:00D0H         PUBLIC        PSW
  -------         PROC          COUNT_LL_VALUE
  C:4FA9H         LINE#         3
  C:4FA9H         LINE#         4
  C:4FA9H         LINE#         5
  C:4FE0H         LINE#         6
  -------         ENDPROC       COUNT_LL_VALUE
  -------         PROC          COUNT_SW_WORK_MAX_POWER
  C:526FH         LINE#         8
  C:526FH         LINE#         9
  C:526FH         LINE#         10
  C:5276H         LINE#         11
  C:527AH         LINE#         12
  C:527CH         LINE#         13
  C:5282H         LINE#         14
  C:5282H         LINE#         15
  C:5291H         LINE#         16
  -------         ENDPROC       COUNT_SW_WORK_MAX_POWER
  -------         ENDMOD        COUNT_SW_WORK

  -------         MODULE        ?C?FPADD
BL51 BANKED LINKER/LOCATER V6.22                                                      10/11/2024  17:50:16  PAGE 86


  C:0BE9H         PUBLIC        ?C?FPADD
  C:0BE5H         PUBLIC        ?C?FPSUB
  -------         ENDMOD        ?C?FPADD

  -------         MODULE        ?C?FPMUL
  C:0CDAH         PUBLIC        ?C?FPMUL
  -------         ENDMOD        ?C?FPMUL

  -------         MODULE        ?C?FPDIV
  C:0DE3H         PUBLIC        ?C?FPDIV
  -------         ENDMOD        ?C?FPDIV

  -------         MODULE        ?C?FPCMP
  C:0E82H         PUBLIC        ?C?FPCMP
  C:0E80H         PUBLIC        ?C?FPCMP3
  -------         ENDMOD        ?C?FPCMP

  -------         MODULE        ?C?FCAST
  C:0EF7H         PUBLIC        ?C?FCASTC
  C:0EF2H         PUBLIC        ?C?FCASTI
  C:0EEDH         PUBLIC        ?C?FCASTL
  -------         ENDMOD        ?C?FCAST

  -------         MODULE        ?C?CASTF
  C:0F2BH         PUBLIC        ?C?CASTF
  -------         ENDMOD        ?C?CASTF

  -------         MODULE        ?C?CLDPTR
  C:0FACH         PUBLIC        ?C?CLDPTR
  -------         ENDMOD        ?C?CLDPTR

  -------         MODULE        ?C?CLDOPTR
  C:0FC5H         PUBLIC        ?C?CLDOPTR
  -------         ENDMOD        ?C?CLDOPTR

  -------         MODULE        ?C?CSTPTR
  C:0FF2H         PUBLIC        ?C?CSTPTR
  -------         ENDMOD        ?C?CSTPTR

  -------         MODULE        ?C?CSTOPTR
  C:1004H         PUBLIC        ?C?CSTOPTR
  -------         ENDMOD        ?C?CSTOPTR

  -------         MODULE        ?C?IMUL
  C:1026H         PUBLIC        ?C?IMUL
  -------         ENDMOD        ?C?IMUL

  -------         MODULE        ?C?UIDIV
  C:1038H         PUBLIC        ?C?UIDIV
  -------         ENDMOD        ?C?UIDIV

  -------         MODULE        ?C?IILDX
  C:108DH         PUBLIC        ?C?IILDX
  -------         ENDMOD        ?C?IILDX

  -------         MODULE        ?C?ILDOPTR
  C:10A3H         PUBLIC        ?C?ILDOPTR
BL51 BANKED LINKER/LOCATER V6.22                                                      10/11/2024  17:50:16  PAGE 87


  -------         ENDMOD        ?C?ILDOPTR

  -------         MODULE        ?C?LMUL
  C:10DBH         PUBLIC        ?C?LMUL
  -------         ENDMOD        ?C?LMUL

  -------         MODULE        ?C?ULDIV
  C:1166H         PUBLIC        ?C?ULDIV
  -------         ENDMOD        ?C?ULDIV

  -------         MODULE        ?C?LNEG
  C:11F8H         PUBLIC        ?C?LNEG
  -------         ENDMOD        ?C?LNEG

  -------         MODULE        ?C?ULCMP
  C:1206H         PUBLIC        ?C?ULCMP
  -------         ENDMOD        ?C?ULCMP

  -------         MODULE        ?C?LSHL
  C:1217H         PUBLIC        ?C?LSHL
  -------         ENDMOD        ?C?LSHL

  -------         MODULE        ?C?LLDCODE
  C:122AH         PUBLIC        ?C?LLDCODE
  -------         ENDMOD        ?C?LLDCODE

  -------         MODULE        ?C?LLDCODE0
  C:123AH         PUBLIC        ?C?LLDCODE0
  -------         ENDMOD        ?C?LLDCODE0

  -------         MODULE        ?C?LSTXDATA
  C:124AH         PUBLIC        ?C?LSTXDATA
  -------         ENDMOD        ?C?LSTXDATA

  -------         MODULE        ?C?LSTKXDATA
  C:1256H         PUBLIC        ?C?LSTKXDATA
  -------         ENDMOD        ?C?LSTKXDATA

Program Size: data=9.5 xdata=822 code=21912
LINK/LOCATE RUN COMPLETE.  0 WARNING(S),  0 ERROR(S)
